Archive member included to satisfy reference by file (symbol)

../Drivers/CMSIS/Lib/GCC\libarm_cortexM4lf_math.a(arm_rfft_fast_init_f32.o)
                              ./Core/Src/main.o (arm_rfft_fast_init_f32)
../Drivers/CMSIS/Lib/GCC\libarm_cortexM4lf_math.a(arm_rfft_fast_f32.o)
                              ./Core/Src/main.o (arm_rfft_fast_f32)
../Drivers/CMSIS/Lib/GCC\libarm_cortexM4lf_math.a(arm_cfft_f32.o)
                              ../Drivers/CMSIS/Lib/GCC\libarm_cortexM4lf_math.a(arm_rfft_fast_f32.o) (arm_cfft_f32)
../Drivers/CMSIS/Lib/GCC\libarm_cortexM4lf_math.a(arm_common_tables.o)
                              ../Drivers/CMSIS/Lib/GCC\libarm_cortexM4lf_math.a(arm_rfft_fast_init_f32.o) (twiddleCoef_rfft_4096)
../Drivers/CMSIS/Lib/GCC\libarm_cortexM4lf_math.a(arm_bitreversal2.o)
                              ../Drivers/CMSIS/Lib/GCC\libarm_cortexM4lf_math.a(arm_cfft_f32.o) (arm_bitreversal_32)
../Drivers/CMSIS/Lib/GCC\libarm_cortexM4lf_math.a(arm_cfft_radix8_f32.o)
                              ../Drivers/CMSIS/Lib/GCC\libarm_cortexM4lf_math.a(arm_cfft_f32.o) (arm_radix8_butterfly_f32)
C:/ST/STM32CubeIDE_1.14.1/STM32CubeIDE/plugins/com.st.stm32cube.ide.mcu.externaltools.gnu-tools-for-stm32.11.3.rel1.win32_1.1.100.202309141235/tools/bin/../lib/gcc/arm-none-eabi/11.3.1/../../../../arm-none-eabi/lib/thumb/v7e-m+fp/hard\libc_nano.a(libc_a-exit.o)
                              C:/ST/STM32CubeIDE_1.14.1/STM32CubeIDE/plugins/com.st.stm32cube.ide.mcu.externaltools.gnu-tools-for-stm32.11.3.rel1.win32_1.1.100.202309141235/tools/bin/../lib/gcc/arm-none-eabi/11.3.1/../../../../arm-none-eabi/lib/thumb/v7e-m+fp/hard/crt0.o (exit)
C:/ST/STM32CubeIDE_1.14.1/STM32CubeIDE/plugins/com.st.stm32cube.ide.mcu.externaltools.gnu-tools-for-stm32.11.3.rel1.win32_1.1.100.202309141235/tools/bin/../lib/gcc/arm-none-eabi/11.3.1/../../../../arm-none-eabi/lib/thumb/v7e-m+fp/hard\libc_nano.a(libc_a-findfp.o)
                              C:/ST/STM32CubeIDE_1.14.1/STM32CubeIDE/plugins/com.st.stm32cube.ide.mcu.externaltools.gnu-tools-for-stm32.11.3.rel1.win32_1.1.100.202309141235/tools/bin/../lib/gcc/arm-none-eabi/11.3.1/../../../../arm-none-eabi/lib/thumb/v7e-m+fp/hard\libc_nano.a(libc_a-exit.o) (__stdio_exit_handler)
C:/ST/STM32CubeIDE_1.14.1/STM32CubeIDE/plugins/com.st.stm32cube.ide.mcu.externaltools.gnu-tools-for-stm32.11.3.rel1.win32_1.1.100.202309141235/tools/bin/../lib/gcc/arm-none-eabi/11.3.1/../../../../arm-none-eabi/lib/thumb/v7e-m+fp/hard\libc_nano.a(libc_a-fwalk.o)
                              C:/ST/STM32CubeIDE_1.14.1/STM32CubeIDE/plugins/com.st.stm32cube.ide.mcu.externaltools.gnu-tools-for-stm32.11.3.rel1.win32_1.1.100.202309141235/tools/bin/../lib/gcc/arm-none-eabi/11.3.1/../../../../arm-none-eabi/lib/thumb/v7e-m+fp/hard\libc_nano.a(libc_a-findfp.o) (_fwalk_sglue)
C:/ST/STM32CubeIDE_1.14.1/STM32CubeIDE/plugins/com.st.stm32cube.ide.mcu.externaltools.gnu-tools-for-stm32.11.3.rel1.win32_1.1.100.202309141235/tools/bin/../lib/gcc/arm-none-eabi/11.3.1/../../../../arm-none-eabi/lib/thumb/v7e-m+fp/hard\libc_nano.a(libc_a-stdio.o)
                              C:/ST/STM32CubeIDE_1.14.1/STM32CubeIDE/plugins/com.st.stm32cube.ide.mcu.externaltools.gnu-tools-for-stm32.11.3.rel1.win32_1.1.100.202309141235/tools/bin/../lib/gcc/arm-none-eabi/11.3.1/../../../../arm-none-eabi/lib/thumb/v7e-m+fp/hard\libc_nano.a(libc_a-findfp.o) (__sread)
C:/ST/STM32CubeIDE_1.14.1/STM32CubeIDE/plugins/com.st.stm32cube.ide.mcu.externaltools.gnu-tools-for-stm32.11.3.rel1.win32_1.1.100.202309141235/tools/bin/../lib/gcc/arm-none-eabi/11.3.1/../../../../arm-none-eabi/lib/thumb/v7e-m+fp/hard\libc_nano.a(libc_a-memset.o)
                              C:/ST/STM32CubeIDE_1.14.1/STM32CubeIDE/plugins/com.st.stm32cube.ide.mcu.externaltools.gnu-tools-for-stm32.11.3.rel1.win32_1.1.100.202309141235/tools/bin/../lib/gcc/arm-none-eabi/11.3.1/../../../../arm-none-eabi/lib/thumb/v7e-m+fp/hard/crt0.o (memset)
C:/ST/STM32CubeIDE_1.14.1/STM32CubeIDE/plugins/com.st.stm32cube.ide.mcu.externaltools.gnu-tools-for-stm32.11.3.rel1.win32_1.1.100.202309141235/tools/bin/../lib/gcc/arm-none-eabi/11.3.1/../../../../arm-none-eabi/lib/thumb/v7e-m+fp/hard\libc_nano.a(libc_a-closer.o)
                              C:/ST/STM32CubeIDE_1.14.1/STM32CubeIDE/plugins/com.st.stm32cube.ide.mcu.externaltools.gnu-tools-for-stm32.11.3.rel1.win32_1.1.100.202309141235/tools/bin/../lib/gcc/arm-none-eabi/11.3.1/../../../../arm-none-eabi/lib/thumb/v7e-m+fp/hard\libc_nano.a(libc_a-stdio.o) (_close_r)
C:/ST/STM32CubeIDE_1.14.1/STM32CubeIDE/plugins/com.st.stm32cube.ide.mcu.externaltools.gnu-tools-for-stm32.11.3.rel1.win32_1.1.100.202309141235/tools/bin/../lib/gcc/arm-none-eabi/11.3.1/../../../../arm-none-eabi/lib/thumb/v7e-m+fp/hard\libc_nano.a(libc_a-reent.o)
[...]
Memory Configuration

Name             Origin             Length             Attributes
RAM              0x0000000020000000 0x0000000000020000 xrw
FLASH            0x0000000008000000 0x0000000000080000 xr
*default*        0x0000000000000000 0xffffffffffffffff

Linker script and memory map

LOAD C:/ST/STM32CubeIDE_1.14.1/STM32CubeIDE/plugins/com.st.stm32cube.ide.mcu.externaltools.gnu-tools-for-stm32.11.3.rel1.win32_1.1.100.202309141235/tools/bin/../lib/gcc/arm-none-eabi/11.3.1/thumb/v7e-m+fp/hard/crti.o
LOAD C:/ST/STM32CubeIDE_1.14.1/STM32CubeIDE/plugins/com.st.stm32cube.ide.mcu.externaltools.gnu-tools-for-stm32.11.3.rel1.win32_1.1.100.202309141235/tools/bin/../lib/gcc/arm-none-eabi/11.3.1/thumb/v7e-m+fp/hard/crtbegin.o
LOAD C:/ST/STM32CubeIDE_1.14.1/STM32CubeIDE/plugins/com.st.stm32cube.ide.mcu.externaltools.gnu-tools-for-stm32.11.3.rel1.win32_1.1.100.202309141235/tools/bin/../lib/gcc/arm-none-eabi/11.3.1/../../../../arm-none-eabi/lib/thumb/v7e-m+fp/hard/crt0.o
LOAD ./Core/Src/ILI9341_GFX.o
LOAD ./Core/Src/ILI9341_STM32_Driver.o
LOAD ./Core/Src/fonts.o
LOAD ./Core/Src/main.o
LOAD ./Core/Src/stm32f4xx_hal_msp.o
LOAD ./Core/Src/stm32f4xx_it.o
LOAD ./Core/Src/syscalls.o
LOAD ./Core/Src/sysmem.o
LOAD ./Core/Src/system_stm32f4xx.o
LOAD ./Core/Startup/startup_stm32f411retx.o
LOAD ./Drivers/STM32F4xx_HAL_Driver/Src/stm32f4xx_hal.o
LOAD ./Drivers/STM32F4xx_HAL_Driver/Src/stm32f4xx_hal_adc.o
LOAD ./Drivers/STM32F4xx_HAL_Driver/Src/stm32f4xx_hal_adc_ex.o
LOAD ./Drivers/STM32F4xx_HAL_Driver/Src/stm32f4xx_hal_cortex.o
LOAD ./Drivers/STM32F4xx_HAL_Driver/Src/stm32f4xx_hal_dma.o
LOAD ./Drivers/STM32F4xx_HAL_Driver/Src/stm32f4xx_hal_dma_ex.o
LOAD ./Drivers/STM32F4xx_HAL_Driver/Src/stm32f4xx_hal_exti.o
LOAD ./Drivers/STM32F4xx_HAL_Driver/Src/stm32f4xx_hal_flash.o
LOAD ./Drivers/STM32F4xx_HAL_Driver/Src/stm32f4xx_hal_flash_ex.o
LOAD ./Drivers/STM32F4xx_HAL_Driver/Src/stm32f4xx_hal_flash_ramfunc.o
LOAD ./Drivers/STM32F4xx_HAL_Driver/Src/stm32f4xx_hal_gpio.o
LOAD ./Drivers/STM32F4xx_HAL_Driver/Src/stm32f4xx_hal_pwr.o
LOAD ./Drivers/STM32F4xx_HAL_Driver/Src/stm32f4xx_hal_pwr_ex.o
LOAD ./Drivers/STM32F4xx_HAL_Driver/Src/stm32f4xx_hal_rcc.o
LOAD ./Drivers/STM32F4xx_HAL_Driver/Src/stm32f4xx_hal_rcc_ex.o
LOAD ./Drivers/STM32F4xx_HAL_Driver/Src/stm32f4xx_hal_spi.o
LOAD ./Drivers/STM32F4xx_HAL_Driver/Src/stm32f4xx_hal_tim.o
LOAD ./Drivers/STM32F4xx_HAL_Driver/Src/stm32f4xx_hal_tim_ex.o
LOAD ./Drivers/STM32F4xx_HAL_Driver/Src/stm32f4xx_ll_adc.o
LOAD ../Drivers/CMSIS/Lib/GCC\libarm_cortexM4lf_math.a
START GROUP
LOAD C:/ST/STM32CubeIDE_1.14.1/STM32CubeIDE/plugins/com.st.stm32cube.ide.mcu.externaltools.gnu-tools-for-stm32.11.3.rel1.win32_1.1.100.202309141235/tools/bin/../lib/gcc/arm-none-eabi/11.3.1/../../../../arm-none-eabi/lib/thumb/v7e-m+fp/hard\libc_nano.a
LOAD C:/ST/STM32CubeIDE_1.14.1/STM32CubeIDE/plugins/com.st.stm32cube.ide.mcu.externaltools.gnu-tools-for-stm32.11.3.rel1.win32_1.1.100.202309141235/tools/bin/../lib/gcc/arm-none-eabi/11.3.1/../../../../arm-none-eabi/lib/thumb/v7e-m+fp/hard\libm.a
END GROUP
START GROUP
LOAD C:/ST/STM32CubeIDE_1.14.1/STM32CubeIDE/plugins/com.st.stm32cube.ide.mcu.externaltools.gnu-tools-for-stm32.11.3.rel1.win32_1.1.100.202309141235/tools/bin/../lib/gcc/arm-none-eabi/11.3.1/thumb/v7e-m+fp/hard\libgcc.a
LOAD C:/ST/STM32CubeIDE_1.14.1/STM32CubeIDE/plugins/com.st.stm32cube.ide.mcu.externaltools.gnu-tools-for-stm32.11.3.rel1.win32_1.1.100.202309141235/tools/bin/../lib/gcc/arm-none-eabi/11.3.1/../../../../arm-none-eabi/lib/thumb/v7e-m+fp/hard\libc_nano.a
END GROUP
START GROUP
LOAD C:/ST/STM32CubeIDE_1.14.1/STM32CubeIDE/plugins/com.st.stm32cube.ide.mcu.externaltools.gnu-tools-for-stm32.11.3.rel1.win32_1.1.100.202309141235/tools/bin/../lib/gcc/arm-none-eabi/11.3.1/thumb/v7e-m+fp/hard\libgcc.a
LOAD C:/ST/STM32CubeIDE_1.14.1/STM32CubeIDE/plugins/com.st.stm32cube.ide.mcu.externaltools.gnu-tools-for-stm32.11.3.rel1.win32_1.1.100.202309141235/tools/bin/../lib/gcc/arm-none-eabi/11.3.1/../../../../arm-none-eabi/lib/thumb/v7e-m+fp/hard\libc_nano.a
LOAD C:/ST/STM32CubeIDE_1.14.1/STM32CubeIDE/plugins/com.st.stm32cube.ide.mcu.externaltools.gnu-tools-for-stm32.11.3.rel1.win32_1.1.100.202309141235/tools/bin/../lib/gcc/arm-none-eabi/11.3.1/../../../../arm-none-eabi/lib/thumb/v7e-m+fp/hard\libnosys.a
END GROUP
START GROUP
LOAD C:/ST/STM32CubeIDE_1.14.1/STM32CubeIDE/plugins/com.st.stm32cube.ide.mcu.externaltools.gnu-tools-for-stm32.11.3.rel1.win32_1.1.100.202309141235/tools/bin/../lib/gcc/arm-none-eabi/11.3.1/thumb/v7e-m+fp/hard\libgcc.a
LOAD C:/ST/STM32CubeIDE_1.14.1/STM32CubeIDE/plugins/com.st.stm32cube.ide.mcu.externaltools.gnu-tools-for-stm32.11.3.rel1.win32_1.1.100.202309141235/tools/bin/../lib/gcc/arm-none-eabi/11.3.1/../../../../arm-none-eabi/lib/thumb/v7e-m+fp/hard\libc_nano.a
LOAD C:/ST/STM32CubeIDE_1.14.1/STM32CubeIDE/plugins/com.st.stm32cube.ide.mcu.externaltools.gnu-tools-for-stm32.11.3.rel1.win32_1.1.100.202309141235/tools/bin/../lib/gcc/arm-none-eabi/11.3.1/../../../../arm-none-eabi/lib/thumb/v7e-m+fp/hard\libnosys.a
END GROUP
LOAD C:/ST/STM32CubeIDE_1.14.1/STM32CubeIDE/plugins/com.st.stm32cube.ide.mcu.externaltools.gnu-tools-for-stm32.11.3.rel1.win32_1.1.100.202309141235/tools/bin/../lib/gcc/arm-none-eabi/11.3.1/thumb/v7e-m+fp/hard/crtend.o
LOAD C:/ST/STM32CubeIDE_1.14.1/STM32CubeIDE/plugins/com.st.stm32cube.ide.mcu.externaltools.gnu-tools-for-stm32.11.3.rel1.win32_1.1.100.202309141235/tools/bin/../lib/gcc/arm-none-eabi/11.3.1/thumb/v7e-m+fp/hard/crtn.o
                0x0000000020020000                _estack = (ORIGIN (RAM) + LENGTH (RAM))
                0x0000000000000200                _Min_Heap_Size = 0x200
                0x0000000000000400                _Min_Stack_Size = 0x400

.isr_vector     0x0000000008000000      0x198
                0x0000000008000000                . = ALIGN (0x4)
 *(.isr_vector)
 .isr_vector    0x0000000008000000      0x198 ./Core/Startup/startup_stm32f411retx.o
                0x0000000008000000                g_pfnVectors
                0x0000000008000198                . = ALIGN (0x4)

.text           0x0000000008000198     0x629c
                0x0000000008000198                . = ALIGN (0x4)
 *(.text)
 .text          0x0000000008000198       0x40 C:/ST/STM32CubeIDE_1.14.1/STM32CubeIDE/plugins/com.st.stm32cube.ide.mcu.externaltools.gnu-tools-for-stm32.11.3.rel1.win32_1.1.100.202309141235/tools/bin/../lib/gcc/arm-none-eabi/11.3.1/thumb/v7e-m+fp/hard/crtbegin.o
 .text          0x00000000080001d8       0xc0 ../Drivers/CMSIS/Lib/GCC\libarm_cortexM4lf_math.a(arm_bitreversal2.o)
                0x00000000080001d8                arm_bitreversal_32
                0x0000000008000242                arm_bitreversal_16
 .text          0x0000000008000298       0x30 C:/ST/STM32CubeIDE_1.14.1/STM32CubeIDE/plugins/com.st.stm32cube.ide.mcu.externaltools.gnu-tools-for-stm32.11.3.rel1.win32_1.1.100.202309141235/tools/bin/../lib/gcc/arm-none-eabi/11.3.1/thumb/v7e-m+fp/hard\libgcc.a(_aeabi_uldivmod.o)
                0x0000000008000298                __aeabi_uldivmod
 .text          0x00000000080002c8      0x2c8 C:/ST/STM32CubeIDE_1.14.1/STM32CubeIDE/plugins/com.st.stm32cube.ide.mcu.externaltools.gnu-tools-for-stm32.11.3.rel1.win32_1.1.100.202309141235/tools/bin/../lib/gcc/arm-none-eabi/11.3.1/thumb/v7e-m+fp/hard\libgcc.a(_udivmoddi4.o)
                0x00000000080002c8                __udivmoddi4
 .text          0x0000000008000590        0x4 C:/ST/STM32CubeIDE_1.14.1/STM32CubeIDE/plugins/com.st.stm32cube.ide.mcu.externaltools.gnu-tools-for-stm32.11.3.rel1.win32_1.1.100.202309141235/tools/bin/../lib/gcc/arm-none-eabi/11.3.1/thumb/v7e-m+fp/hard\libgcc.a(_dvmd_tls.o)
                0x0000000008000590                __aeabi_idiv0
                0x0000000008000590                __aeabi_ldiv0
 *(.text*)
 .text.ILI9341_DrawLine
                0x0000000008000594      0x13c ./Core/Src/ILI9341_GFX.o
                0x0000000008000594                ILI9341_DrawLine
 .text.HAL_SPI_TxCpltCallback
                0x00000000080006d0       0x2c ./Core/Src/ILI9341_STM32_Driver.o
                0x00000000080006d0                HAL_SPI_TxCpltCallback
 .text.ILI9341_SPI_Tx
                0x00000000080006fc       0x34 ./Core/Src/ILI9341_STM32_Driver.o
 .text.ILI9341_SPI_TxBuffer
                0x0000000008000730       0x34 ./Core/Src/ILI9341_STM32_Driver.o
 .text.ILI9341_WriteCommand
                0x0000000008000764       0x34 ./Core/Src/ILI9341_STM32_Driver.o
                0x0000000008000764                ILI9341_WriteCommand
 .text.ILI9341_WriteData
                0x0000000008000798       0x34 ./Core/Src/ILI9341_STM32_Driver.o
                0x0000000008000798                ILI9341_WriteData
 .text.ILI9341_WriteBuffer
                0x00000000080007cc       0x38 ./Core/Src/ILI9341_STM32_Driver.o
                0x00000000080007cc                ILI9341_WriteBuffer
 .text.ILI9341_SetAddress
                0x0000000008000804       0x90 ./Core/Src/ILI9341_STM32_Driver.o
                0x0000000008000804                ILI9341_SetAddress
 .text.ILI9341_Reset
                0x0000000008000894       0x40 ./Core/Src/ILI9341_STM32_Driver.o
                0x0000000008000894                ILI9341_Reset
 .text.ILI9341_Enable
                0x00000000080008d4       0x18 ./Core/Src/ILI9341_STM32_Driver.o
                0x00000000080008d4                ILI9341_Enable
 .text.ILI9341_Init
                0x00000000080008ec      0x214 ./Core/Src/ILI9341_STM32_Driver.o
                0x00000000080008ec                ILI9341_Init
 .text.ILI9341_SetRotation
                0x0000000008000b00       0xa0 ./Core/Src/ILI9341_STM32_Driver.o
                0x0000000008000b00                ILI9341_SetRotation
 .text.ILI9341_DrawColorBurst
                0x0000000008000ba0      0x134 ./Core/Src/ILI9341_STM32_Driver.o
                0x0000000008000ba0                ILI9341_DrawColorBurst
 .text.ILI9341_FillScreen
                0x0000000008000cd4       0x4c ./Core/Src/ILI9341_STM32_Driver.o
                0x0000000008000cd4                ILI9341_FillScreen
 .text.ILI9341_DrawPixel
                0x0000000008000d20       0xcc ./Core/Src/ILI9341_STM32_Driver.o
                0x0000000008000d20                ILI9341_DrawPixel
 .text.HAL_TIM_PeriodElapsedCallback
                0x0000000008000dec       0x38 ./Core/Src/main.o
                0x0000000008000dec                HAL_TIM_PeriodElapsedCallback
 .text.main     0x0000000008000e24      0x158 ./Core/Src/main.o
                0x0000000008000e24                main
 .text.SystemClock_Config
                0x0000000008000f7c       0xd0 ./Core/Src/main.o
                0x0000000008000f7c                SystemClock_Config
 .text.MX_ADC1_Init
                0x000000000800104c       0xa4 ./Core/Src/main.o
 .text.MX_SPI1_Init
                0x00000000080010f0       0x6c ./Core/Src/main.o
 .text.MX_TIM1_Init
                0x000000000800115c      0x144 ./Core/Src/main.o
 .text.MX_TIM2_Init
                0x00000000080012a0       0x98 ./Core/Src/main.o
 .text.MX_TIM3_Init
                0x0000000008001338       0xa8 ./Core/Src/main.o
 .text.MX_DMA_Init
                0x00000000080013e0       0x50 ./Core/Src/main.o
 .text.MX_GPIO_Init
                0x0000000008001430       0x84 ./Core/Src/main.o
 .text.Error_Handler
                0x00000000080014b4        0xa ./Core/Src/main.o
                0x00000000080014b4                Error_Handler
 *fill*         0x00000000080014be        0x2 
 .text.HAL_MspInit
                0x00000000080014c0       0x50 ./Core/Src/stm32f4xx_hal_msp.o
                0x00000000080014c0                HAL_MspInit
 .text.HAL_ADC_MspInit
                0x0000000008001510       0xf0 ./Core/Src/stm32f4xx_hal_msp.o
                0x0000000008001510                HAL_ADC_MspInit
 .text.HAL_SPI_MspInit
                0x0000000008001600      0x104 ./Core/Src/stm32f4xx_hal_msp.o
                0x0000000008001600                HAL_SPI_MspInit
 .text.HAL_TIM_Base_MspInit
                0x0000000008001704       0x78 ./Core/Src/stm32f4xx_hal_msp.o
                0x0000000008001704                HAL_TIM_Base_MspInit
 .text.HAL_TIM_Encoder_MspInit
                0x000000000800177c       0x90 ./Core/Src/stm32f4xx_hal_msp.o
                0x000000000800177c                HAL_TIM_Encoder_MspInit
 .text.HAL_TIM_MspPostInit
                0x000000000800180c       0x74 ./Core/Src/stm32f4xx_hal_msp.o
                0x000000000800180c                HAL_TIM_MspPostInit
 .text.NMI_Handler
                0x0000000008001880        0x6 ./Core/Src/stm32f4xx_it.o
                0x0000000008001880                NMI_Handler
 .text.HardFault_Handler
                0x0000000008001886        0x6 ./Core/Src/stm32f4xx_it.o
                0x0000000008001886                HardFault_Handler
 .text.MemManage_Handler
                0x000000000800188c        0x6 ./Core/Src/stm32f4xx_it.o
                0x000000000800188c                MemManage_Handler
 .text.BusFault_Handler
                0x0000000008001892        0x6 ./Core/Src/stm32f4xx_it.o
                0x0000000008001892                BusFault_Handler
 .text.UsageFault_Handler
                0x0000000008001898        0x6 ./Core/Src/stm32f4xx_it.o
                0x0000000008001898                UsageFault_Handler
 .text.SVC_Handler
                0x000000000800189e        0xe ./Core/Src/stm32f4xx_it.o
                0x000000000800189e                SVC_Handler
 .text.DebugMon_Handler
                0x00000000080018ac        0xe ./Core/Src/stm32f4xx_it.o
                0x00000000080018ac                DebugMon_Handler
 .text.PendSV_Handler
                0x00000000080018ba        0xe ./Core/Src/stm32f4xx_it.o
                0x00000000080018ba                PendSV_Handler
 .text.SysTick_Handler
                0x00000000080018c8        0xc ./Core/Src/stm32f4xx_it.o
                0x00000000080018c8                SysTick_Handler
 .text.TIM2_IRQHandler
                0x00000000080018d4       0x14 ./Core/Src/stm32f4xx_it.o
                0x00000000080018d4                TIM2_IRQHandler
 .text.SPI1_IRQHandler
                0x00000000080018e8       0x14 ./Core/Src/stm32f4xx_it.o
                0x00000000080018e8                SPI1_IRQHandler
 .text.DMA2_Stream0_IRQHandler
                0x00000000080018fc       0x14 ./Core/Src/stm32f4xx_it.o
                0x00000000080018fc                DMA2_Stream0_IRQHandler
 .text.DMA2_Stream2_IRQHandler
                0x0000000008001910       0x14 ./Core/Src/stm32f4xx_it.o
                0x0000000008001910                DMA2_Stream2_IRQHandler
 .text.SystemInit
                0x0000000008001924       0x24 ./Core/Src/system_stm32f4xx.o
                0x0000000008001924                SystemInit
 .text.Reset_Handler
                0x0000000008001948       0x50 ./Core/Startup/startup_stm32f411retx.o
                0x0000000008001948                Reset_Handler
 .text.Default_Handler
                0x0000000008001998        0x2 ./Core/Startup/startup_stm32f411retx.o
                0x0000000008001998                RTC_Alarm_IRQHandler
                0x0000000008001998                EXTI2_IRQHandler
                0x0000000008001998                SPI4_IRQHandler
                0x0000000008001998                TIM1_CC_IRQHandler
                0x0000000008001998                DMA2_Stream5_IRQHandler
                0x0000000008001998                DMA1_Stream5_IRQHandler
                0x0000000008001998                PVD_IRQHandler
                0x0000000008001998                SDIO_IRQHandler
                0x0000000008001998                TAMP_STAMP_IRQHandler
                0x0000000008001998                EXTI3_IRQHandler
                0x0000000008001998                TIM1_UP_TIM10_IRQHandler
                0x0000000008001998                I2C3_ER_IRQHandler
                0x0000000008001998                EXTI0_IRQHandler
                0x0000000008001998                I2C2_EV_IRQHandler
                0x0000000008001998                DMA1_Stream2_IRQHandler
                0x0000000008001998                FPU_IRQHandler
                0x0000000008001998                TIM1_BRK_TIM9_IRQHandler
                0x0000000008001998                DMA2_Stream3_IRQHandler
                0x0000000008001998                USART6_IRQHandler
                0x0000000008001998                TIM4_IRQHandler
                0x0000000008001998                I2C1_EV_IRQHandler
                0x0000000008001998                DMA1_Stream6_IRQHandler
                0x0000000008001998                DMA1_Stream1_IRQHandler
                0x0000000008001998                TIM3_IRQHandler
                0x0000000008001998                RCC_IRQHandler
                0x0000000008001998                Default_Handler
                0x0000000008001998                EXTI15_10_IRQHandler
                0x0000000008001998                ADC_IRQHandler
                0x0000000008001998                DMA1_Stream7_IRQHandler
                0x0000000008001998                SPI5_IRQHandler
                0x0000000008001998                TIM5_IRQHandler
                0x0000000008001998                DMA2_Stream7_IRQHandler
                0x0000000008001998                I2C3_EV_IRQHandler
                0x0000000008001998                EXTI9_5_IRQHandler
                0x0000000008001998                RTC_WKUP_IRQHandler
                0x0000000008001998                SPI2_IRQHandler
                0x0000000008001998                DMA1_Stream0_IRQHandler
                0x0000000008001998                EXTI4_IRQHandler
                0x0000000008001998                WWDG_IRQHandler
                0x0000000008001998                OTG_FS_WKUP_IRQHandler
                0x0000000008001998                TIM1_TRG_COM_TIM11_IRQHandler
                0x0000000008001998                EXTI1_IRQHandler
                0x0000000008001998                USART2_IRQHandler
                0x0000000008001998                I2C2_ER_IRQHandler
                0x0000000008001998                DMA2_Stream1_IRQHandler
                0x0000000008001998                FLASH_IRQHandler
                0x0000000008001998                DMA2_Stream4_IRQHandler
                0x0000000008001998                USART1_IRQHandler
                0x0000000008001998                OTG_FS_IRQHandler
                0x0000000008001998                SPI3_IRQHandler
                0x0000000008001998                DMA1_Stream4_IRQHandler
                0x0000000008001998                I2C1_ER_IRQHandler
                0x0000000008001998                DMA2_Stream6_IRQHandler
                0x0000000008001998                DMA1_Stream3_IRQHandler
 *fill*         0x000000000800199a        0x2 
 .text.HAL_Init
                0x000000000800199c       0x44 ./Drivers/STM32F4xx_HAL_Driver/Src/stm32f4xx_hal.o
                0x000000000800199c                HAL_Init
 .text.HAL_InitTick
                0x00000000080019e0       0x60 ./Drivers/STM32F4xx_HAL_Driver/Src/stm32f4xx_hal.o
                0x00000000080019e0                HAL_InitTick
 .text.HAL_IncTick
                0x0000000008001a40       0x28 ./Drivers/STM32F4xx_HAL_Driver/Src/stm32f4xx_hal.o
                0x0000000008001a40                HAL_IncTick
 .text.HAL_GetTick
                0x0000000008001a68       0x18 ./Drivers/STM32F4xx_HAL_Driver/Src/stm32f4xx_hal.o
                0x0000000008001a68                HAL_GetTick
 .text.HAL_Delay
                0x0000000008001a80       0x48 ./Drivers/STM32F4xx_HAL_Driver/Src/stm32f4xx_hal.o
                0x0000000008001a80                HAL_Delay
 .text.HAL_ADC_Init
                0x0000000008001ac8       0x86 ./Drivers/STM32F4xx_HAL_Driver/Src/stm32f4xx_hal_adc.o
                0x0000000008001ac8                HAL_ADC_Init
 *fill*         0x0000000008001b4e        0x2 
 .text.HAL_ADC_Start_DMA
                0x0000000008001b50      0x1e0 ./Drivers/STM32F4xx_HAL_Driver/Src/stm32f4xx_hal_adc.o
                0x0000000008001b50                HAL_ADC_Start_DMA
 .text.HAL_ADC_ConvCpltCallback
                0x0000000008001d30       0x14 ./Drivers/STM32F4xx_HAL_Driver/Src/stm32f4xx_hal_adc.o
                0x0000000008001d30                HAL_ADC_ConvCpltCallback
 .text.HAL_ADC_ConvHalfCpltCallback
                0x0000000008001d44       0x14 ./Drivers/STM32F4xx_HAL_Driver/Src/stm32f4xx_hal_adc.o
                0x0000000008001d44                HAL_ADC_ConvHalfCpltCallback
 .text.HAL_ADC_ErrorCallback
                0x0000000008001d58       0x14 ./Drivers/STM32F4xx_HAL_Driver/Src/stm32f4xx_hal_adc.o
                0x0000000008001d58                HAL_ADC_ErrorCallback
 .text.HAL_ADC_ConfigChannel
                0x0000000008001d6c      0x264 ./Drivers/STM32F4xx_HAL_Driver/Src/stm32f4xx_hal_adc.o
                0x0000000008001d6c                HAL_ADC_ConfigChannel
 .text.ADC_Init
                0x0000000008001fd0      0x1f8 ./Drivers/STM32F4xx_HAL_Driver/Src/stm32f4xx_hal_adc.o
 .text.ADC_DMAConvCplt
                0x00000000080021c8       0xba ./Drivers/STM32F4xx_HAL_Driver/Src/stm32f4xx_hal_adc.o
 .text.ADC_DMAHalfConvCplt
                0x0000000008002282       0x1c ./Drivers/STM32F4xx_HAL_Driver/Src/stm32f4xx_hal_adc.o
 .text.ADC_DMAError
                0x000000000800229e       0x2e ./Drivers/STM32F4xx_HAL_Driver/Src/stm32f4xx_hal_adc.o
 .text.__NVIC_SetPriorityGrouping
                0x00000000080022cc       0x48 ./Drivers/STM32F4xx_HAL_Driver/Src/stm32f4xx_hal_cortex.o
 .text.__NVIC_GetPriorityGrouping
                0x0000000008002314       0x1c ./Drivers/STM32F4xx_HAL_Driver/Src/stm32f4xx_hal_cortex.o
 .text.__NVIC_EnableIRQ
                0x0000000008002330       0x3c ./Drivers/STM32F4xx_HAL_Driver/Src/stm32f4xx_hal_cortex.o
 .text.__NVIC_SetPriority
                0x000000000800236c       0x54 ./Drivers/STM32F4xx_HAL_Driver/Src/stm32f4xx_hal_cortex.o
 .text.NVIC_EncodePriority
                0x00000000080023c0       0x66 ./Drivers/STM32F4xx_HAL_Driver/Src/stm32f4xx_hal_cortex.o
 *fill*         0x0000000008002426        0x2 
 .text.SysTick_Config
                0x0000000008002428       0x44 ./Drivers/STM32F4xx_HAL_Driver/Src/stm32f4xx_hal_cortex.o
 .text.HAL_NVIC_SetPriorityGrouping
                0x000000000800246c       0x16 ./Drivers/STM32F4xx_HAL_Driver/Src/stm32f4xx_hal_cortex.o
                0x000000000800246c                HAL_NVIC_SetPriorityGrouping
 .text.HAL_NVIC_SetPriority
                0x0000000008002482       0x38 ./Drivers/STM32F4xx_HAL_Driver/Src/stm32f4xx_hal_cortex.o
                0x0000000008002482                HAL_NVIC_SetPriority
 .text.HAL_NVIC_EnableIRQ
                0x00000000080024ba       0x1c ./Drivers/STM32F4xx_HAL_Driver/Src/stm32f4xx_hal_cortex.o
                0x00000000080024ba                HAL_NVIC_EnableIRQ
 .text.HAL_SYSTICK_Config
                0x00000000080024d6       0x18 ./Drivers/STM32F4xx_HAL_Driver/Src/stm32f4xx_hal_cortex.o
                0x00000000080024d6                HAL_SYSTICK_Config
 *fill*         0x00000000080024ee        0x2 
 .text.HAL_DMA_Init
                0x00000000080024f0      0x15c ./Drivers/STM32F4xx_HAL_Driver/Src/stm32f4xx_hal_dma.o
                0x00000000080024f0                HAL_DMA_Init
 .text.HAL_DMA_Start_IT
                0x000000000800264c       0xb0 ./Drivers/STM32F4xx_HAL_Driver/Src/stm32f4xx_hal_dma.o
                0x000000000800264c                HAL_DMA_Start_IT
 .text.HAL_DMA_Abort_IT
                0x00000000080026fc       0x44 ./Drivers/STM32F4xx_HAL_Driver/Src/stm32f4xx_hal_dma.o
                0x00000000080026fc                HAL_DMA_Abort_IT
 .text.HAL_DMA_IRQHandler
                0x0000000008002740      0x314 ./Drivers/STM32F4xx_HAL_Driver/Src/stm32f4xx_hal_dma.o
                0x0000000008002740                HAL_DMA_IRQHandler
 .text.DMA_SetConfig
                0x0000000008002a54       0x5c ./Drivers/STM32F4xx_HAL_Driver/Src/stm32f4xx_hal_dma.o
 .text.DMA_CalcBaseAndBitshift
                0x0000000008002ab0       0x6c ./Drivers/STM32F4xx_HAL_Driver/Src/stm32f4xx_hal_dma.o
 .text.DMA_CheckFifoParam
                0x0000000008002b1c       0xf8 ./Drivers/STM32F4xx_HAL_Driver/Src/stm32f4xx_hal_dma.o
 .text.HAL_GPIO_Init
                0x0000000008002c14      0x308 ./Drivers/STM32F4xx_HAL_Driver/Src/stm32f4xx_hal_gpio.o
                0x0000000008002c14                HAL_GPIO_Init
 .text.HAL_GPIO_WritePin
                0x0000000008002f1c       0x32 ./Drivers/STM32F4xx_HAL_Driver/Src/stm32f4xx_hal_gpio.o
                0x0000000008002f1c                HAL_GPIO_WritePin
 *fill*         0x0000000008002f4e        0x2 
 .text.HAL_RCC_OscConfig
                0x0000000008002f50      0x4f0 ./Drivers/STM32F4xx_HAL_Driver/Src/stm32f4xx_hal_rcc.o
                0x0000000008002f50                HAL_RCC_OscConfig
 .text.HAL_RCC_ClockConfig
                0x0000000008003440      0x1cc ./Drivers/STM32F4xx_HAL_Driver/Src/stm32f4xx_hal_rcc.o
                0x0000000008003440                HAL_RCC_ClockConfig
 .text.HAL_RCC_GetSysClockFreq
                0x000000000800360c      0x18c ./Drivers/STM32F4xx_HAL_Driver/Src/stm32f4xx_hal_rcc.o
                0x000000000800360c                HAL_RCC_GetSysClockFreq
 .text.HAL_SPI_Init
                0x0000000008003798      0x112 ./Drivers/STM32F4xx_HAL_Driver/Src/stm32f4xx_hal_spi.o
                0x0000000008003798                HAL_SPI_Init
 .text.HAL_SPI_Transmit
                0x00000000080038aa      0x286 ./Drivers/STM32F4xx_HAL_Driver/Src/stm32f4xx_hal_spi.o
                0x00000000080038aa                HAL_SPI_Transmit
 .text.HAL_SPI_Transmit_DMA
                0x0000000008003b30      0x164 ./Drivers/STM32F4xx_HAL_Driver/Src/stm32f4xx_hal_spi.o
                0x0000000008003b30                HAL_SPI_Transmit_DMA
 .text.HAL_SPI_IRQHandler
                0x0000000008003c94      0x1e8 ./Drivers/STM32F4xx_HAL_Driver/Src/stm32f4xx_hal_spi.o
                0x0000000008003c94                HAL_SPI_IRQHandler
 .text.HAL_SPI_TxHalfCpltCallback
                0x0000000008003e7c       0x14 ./Drivers/STM32F4xx_HAL_Driver/Src/stm32f4xx_hal_spi.o
                0x0000000008003e7c                HAL_SPI_TxHalfCpltCallback
 .text.HAL_SPI_ErrorCallback
                0x0000000008003e90       0x14 ./Drivers/STM32F4xx_HAL_Driver/Src/stm32f4xx_hal_spi.o
                0x0000000008003e90                HAL_SPI_ErrorCallback
 .text.SPI_DMATransmitCplt
                0x0000000008003ea4       0xa8 ./Drivers/STM32F4xx_HAL_Driver/Src/stm32f4xx_hal_spi.o
 .text.SPI_DMAHalfTransmitCplt
                0x0000000008003f4c       0x1c ./Drivers/STM32F4xx_HAL_Driver/Src/stm32f4xx_hal_spi.o
 .text.SPI_DMAError
                0x0000000008003f68       0x40 ./Drivers/STM32F4xx_HAL_Driver/Src/stm32f4xx_hal_spi.o
 .text.SPI_DMAAbortOnError
                0x0000000008003fa8       0x28 ./Drivers/STM32F4xx_HAL_Driver/Src/stm32f4xx_hal_spi.o
 .text.SPI_WaitFlagStateUntilTimeout
                0x0000000008003fd0      0x110 ./Drivers/STM32F4xx_HAL_Driver/Src/stm32f4xx_hal_spi.o
 .text.SPI_EndRxTxTransaction
                0x00000000080040e0       0xa8 ./Drivers/STM32F4xx_HAL_Driver/Src/stm32f4xx_hal_spi.o
 .text.HAL_TIM_Base_Init
                0x0000000008004188       0x9e ./Drivers/STM32F4xx_HAL_Driver/Src/stm32f4xx_hal_tim.o
                0x0000000008004188                HAL_TIM_Base_Init
 *fill*         0x0000000008004226        0x2 
 .text.HAL_TIM_Base_Start_IT
                0x0000000008004228       0xc4 ./Drivers/STM32F4xx_HAL_Driver/Src/stm32f4xx_hal_tim.o
                0x0000000008004228                HAL_TIM_Base_Start_IT
 .text.HAL_TIM_PWM_Init
                0x00000000080042ec       0x9e ./Drivers/STM32F4xx_HAL_Driver/Src/stm32f4xx_hal_tim.o
                0x00000000080042ec                HAL_TIM_PWM_Init
 .text.HAL_TIM_PWM_MspInit
                0x000000000800438a       0x14 ./Drivers/STM32F4xx_HAL_Driver/Src/stm32f4xx_hal_tim.o
                0x000000000800438a                HAL_TIM_PWM_MspInit
 *fill*         0x000000000800439e        0x2 
 .text.HAL_TIM_PWM_Start
                0x00000000080043a0      0x160 ./Drivers/STM32F4xx_HAL_Driver/Src/stm32f4xx_hal_tim.o
                0x00000000080043a0                HAL_TIM_PWM_Start
 .text.HAL_TIM_Encoder_Init
                0x0000000008004500      0x14c ./Drivers/STM32F4xx_HAL_Driver/Src/stm32f4xx_hal_tim.o
                0x0000000008004500                HAL_TIM_Encoder_Init
 .text.HAL_TIM_Encoder_Start
                0x000000000800464c      0x11c ./Drivers/STM32F4xx_HAL_Driver/Src/stm32f4xx_hal_tim.o
                0x000000000800464c                HAL_TIM_Encoder_Start
 .text.HAL_TIM_IRQHandler
                0x0000000008004768      0x1e0 ./Drivers/STM32F4xx_HAL_Driver/Src/stm32f4xx_hal_tim.o
                0x0000000008004768                HAL_TIM_IRQHandler
 .text.HAL_TIM_PWM_ConfigChannel
                0x0000000008004948      0x184 ./Drivers/STM32F4xx_HAL_Driver/Src/stm32f4xx_hal_tim.o
                0x0000000008004948                HAL_TIM_PWM_ConfigChannel
 .text.HAL_TIM_ConfigClockSource
                0x0000000008004acc      0x18e ./Drivers/STM32F4xx_HAL_Driver/Src/stm32f4xx_hal_tim.o
                0x0000000008004acc                HAL_TIM_ConfigClockSource
 .text.HAL_TIM_OC_DelayElapsedCallback
                0x0000000008004c5a       0x14 ./Drivers/STM32F4xx_HAL_Driver/Src/stm32f4xx_hal_tim.o
                0x0000000008004c5a                HAL_TIM_OC_DelayElapsedCallback
 .text.HAL_TIM_IC_CaptureCallback
                0x0000000008004c6e       0x14 ./Drivers/STM32F4xx_HAL_Driver/Src/stm32f4xx_hal_tim.o
                0x0000000008004c6e                HAL_TIM_IC_CaptureCallback
 .text.HAL_TIM_PWM_PulseFinishedCallback
                0x0000000008004c82       0x14 ./Drivers/STM32F4xx_HAL_Driver/Src/stm32f4xx_hal_tim.o
                0x0000000008004c82                HAL_TIM_PWM_PulseFinishedCallback
 .text.HAL_TIM_TriggerCallback
                0x0000000008004c96       0x14 ./Drivers/STM32F4xx_HAL_Driver/Src/stm32f4xx_hal_tim.o
                0x0000000008004c96                HAL_TIM_TriggerCallback
 *fill*         0x0000000008004caa        0x2 
 .text.TIM_Base_SetConfig
                0x0000000008004cac      0x118 ./Drivers/STM32F4xx_HAL_Driver/Src/stm32f4xx_hal_tim.o
                0x0000000008004cac                TIM_Base_SetConfig
 .text.TIM_OC1_SetConfig
                0x0000000008004dc4       0xcc ./Drivers/STM32F4xx_HAL_Driver/Src/stm32f4xx_hal_tim.o
 .text.TIM_OC2_SetConfig
                0x0000000008004e90       0xd8 ./Drivers/STM32F4xx_HAL_Driver/Src/stm32f4xx_hal_tim.o
                0x0000000008004e90                TIM_OC2_SetConfig
 .text.TIM_OC3_SetConfig
                0x0000000008004f68       0xd4 ./Drivers/STM32F4xx_HAL_Driver/Src/stm32f4xx_hal_tim.o
 .text.TIM_OC4_SetConfig
                0x000000000800503c       0xa0 ./Drivers/STM32F4xx_HAL_Driver/Src/stm32f4xx_hal_tim.o
 .text.TIM_TI1_ConfigInputStage
                0x00000000080050dc       0x5e ./Drivers/STM32F4xx_HAL_Driver/Src/stm32f4xx_hal_tim.o
 .text.TIM_TI2_ConfigInputStage
                0x000000000800513a       0x60 ./Drivers/STM32F4xx_HAL_Driver/Src/stm32f4xx_hal_tim.o
 .text.TIM_ITRx_SetConfig
                0x000000000800519a       0x36 ./Drivers/STM32F4xx_HAL_Driver/Src/stm32f4xx_hal_tim.o
 .text.TIM_ETR_SetConfig
                0x00000000080051d0       0x40 ./Drivers/STM32F4xx_HAL_Driver/Src/stm32f4xx_hal_tim.o
                0x00000000080051d0                TIM_ETR_SetConfig
 .text.TIM_CCxChannelCmd
                0x0000000008005210       0x4a ./Drivers/STM32F4xx_HAL_Driver/Src/stm32f4xx_hal_tim.o
                0x0000000008005210                TIM_CCxChannelCmd
 *fill*         0x000000000800525a        0x2 
 .text.HAL_TIMEx_MasterConfigSynchronization
                0x000000000800525c       0xdc ./Drivers/STM32F4xx_HAL_Driver/Src/stm32f4xx_hal_tim_ex.o
                0x000000000800525c                HAL_TIMEx_MasterConfigSynchronization
 .text.HAL_TIMEx_ConfigBreakDeadTime
                0x0000000008005338       0xa4 ./Drivers/STM32F4xx_HAL_Driver/Src/stm32f4xx_hal_tim_ex.o
                0x0000000008005338                HAL_TIMEx_ConfigBreakDeadTime
 .text.HAL_TIMEx_CommutCallback
                0x00000000080053dc       0x14 ./Drivers/STM32F4xx_HAL_Driver/Src/stm32f4xx_hal_tim_ex.o
                0x00000000080053dc                HAL_TIMEx_CommutCallback
 .text.HAL_TIMEx_BreakCallback
                0x00000000080053f0       0x14 ./Drivers/STM32F4xx_HAL_Driver/Src/stm32f4xx_hal_tim_ex.o
                0x00000000080053f0                HAL_TIMEx_BreakCallback
 .text.arm_rfft_fast_init_f32
                0x0000000008005404      0x104 ../Drivers/CMSIS/Lib/GCC\libarm_cortexM4lf_math.a(arm_rfft_fast_init_f32.o)
                0x0000000008005404                arm_rfft_fast_init_f32
 .text.arm_rfft_fast_f32
                0x0000000008005508      0x188 ../Drivers/CMSIS/Lib/GCC\libarm_cortexM4lf_math.a(arm_rfft_fast_f32.o)
                0x0000000008005508                arm_rfft_fast_f32
 .text.arm_cfft_radix8by2_f32
                0x0000000008005690      0x1a0 ../Drivers/CMSIS/Lib/GCC\libarm_cortexM4lf_math.a(arm_cfft_f32.o)
                0x0000000008005690                arm_cfft_radix8by2_f32
 .text.arm_cfft_radix8by4_f32
                0x0000000008005830      0x4bc ../Drivers/CMSIS/Lib/GCC\libarm_cortexM4lf_math.a(arm_cfft_f32.o)
                0x0000000008005830                arm_cfft_radix8by4_f32
 .text.arm_cfft_f32
                0x0000000008005cec       0xf4 ../Drivers/CMSIS/Lib/GCC\libarm_cortexM4lf_math.a(arm_cfft_f32.o)
                0x0000000008005cec                arm_cfft_f32
 .text.arm_radix8_butterfly_f32
                0x0000000008005de0      0x5e4 ../Drivers/CMSIS/Lib/GCC\libarm_cortexM4lf_math.a(arm_cfft_radix8_f32.o)
                0x0000000008005de0                arm_radix8_butterfly_f32
 .text.memset   0x00000000080063c4       0x10 C:/ST/STM32CubeIDE_1.14.1/STM32CubeIDE/plugins/com.st.stm32cube.ide.mcu.externaltools.gnu-tools-for-stm32.11.3.rel1.win32_1.1.100.202309141235/tools/bin/../lib/gcc/arm-none-eabi/11.3.1/../../../../arm-none-eabi/lib/thumb/v7e-m+fp/hard\libc_nano.a(libc_a-memset.o)
                0x00000000080063c4                memset
 .text.__libc_init_array
                0x00000000080063d4       0x48 C:/ST/STM32CubeIDE_1.14.1/STM32CubeIDE/plugins/com.st.stm32cube.ide.mcu.externaltools.gnu-tools-for-stm32.11.3.rel1.win32_1.1.100.202309141235/tools/bin/../lib/gcc/arm-none-eabi/11.3.1/../../../../arm-none-eabi/lib/thumb/v7e-m+fp/hard\libc_nano.a(libc_a-init.o)
                0x00000000080063d4                __libc_init_array
 *(.glue_7)
 .glue_7        0x000000000800641c        0x0 linker stubs
 *(.glue_7t)
 .glue_7t       0x000000000800641c        0x0 linker stubs
 *(.eh_frame)
 .eh_frame      0x000000000800641c        0x0 C:/ST/STM32CubeIDE_1.14.1/STM32CubeIDE/plugins/com.st.stm32cube.ide.mcu.externaltools.gnu-tools-for-stm32.11.3.rel1.win32_1.1.100.202309141235/tools/bin/../lib/gcc/arm-none-eabi/11.3.1/thumb/v7e-m+fp/hard/crtbegin.o
 *(.init)
 .init          0x000000000800641c        0x4 C:/ST/STM32CubeIDE_1.14.1/STM32CubeIDE/plugins/com.st.stm32cube.ide.mcu.externaltools.gnu-tools-for-stm32.11.3.rel1.win32_1.1.100.202309141235/tools/bin/../lib/gcc/arm-none-eabi/11.3.1/thumb/v7e-m+fp/hard/crti.o
                0x000000000800641c                _init
 .init          0x0000000008006420        0x8 C:/ST/STM32CubeIDE_1.14.1/STM32CubeIDE/plugins/com.st.stm32cube.ide.mcu.externaltools.gnu-tools-for-stm32.11.3.rel1.win32_1.1.100.202309141235/tools/bin/../lib/gcc/arm-none-eabi/11.3.1/thumb/v7e-m+fp/hard/crtn.o
 *(.fini)
 .fini          0x0000000008006428        0x4 C:/ST/STM32CubeIDE_1.14.1/STM32CubeIDE/plugins/com.st.stm32cube.ide.mcu.externaltools.gnu-tools-for-stm32.11.3.rel1.win32_1.1.100.202309141235/tools/bin/../lib/gcc/arm-none-eabi/11.3.1/thumb/v7e-m+fp/hard/crti.o
                0x0000000008006428                _fini
 .fini          0x000000000800642c        0x8 C:/ST/STM32CubeIDE_1.14.1/STM32CubeIDE/plugins/com.st.stm32cube.ide.mcu.externaltools.gnu-tools-for-stm32.11.3.rel1.win32_1.1.100.202309141235/tools/bin/../lib/gcc/arm-none-eabi/11.3.1/thumb/v7e-m+fp/hard/crtn.o
                0x0000000008006434                . = ALIGN (0x4)
                0x0000000008006434                _etext = .

.vfp11_veneer   0x0000000008006434        0x0
 .vfp11_veneer  0x0000000008006434        0x0 linker stubs

.v4_bx          0x0000000008006434        0x0
 .v4_bx         0x0000000008006434        0x0 linker stubs

.iplt           0x0000000008006434        0x0
 .iplt          0x0000000008006434        0x0 C:/ST/STM32CubeIDE_1.14.1/STM32CubeIDE/plugins/com.st.stm32cube.ide.mcu.externaltools.gnu-tools-for-stm32.11.3.rel1.win32_1.1.100.202309141235/tools/bin/../lib/gcc/arm-none-eabi/11.3.1/thumb/v7e-m+fp/hard/crtbegin.o

.rodata         0x0000000008006434    0x13470
                0x0000000008006434                . = ALIGN (0x4)
 *(.rodata)
 *(.rodata*)
 .rodata.AHBPrescTable
                0x0000000008006434       0x10 ./Core/Src/system_stm32f4xx.o
                0x0000000008006434                AHBPrescTable
 .rodata.flagBitshiftOffset.0
                0x0000000008006444        0x8 ./Drivers/STM32F4xx_HAL_Driver/Src/stm32f4xx_hal_dma.o
 .rodata.twiddleCoef_2048
                0x000000000800644c     0x4000 ../Drivers/CMSIS/Lib/GCC\libarm_cortexM4lf_math.a(arm_common_tables.o)
                0x000000000800644c                twiddleCoef_2048
 .rodata.twiddleCoef_rfft_64
                0x000000000800a44c      0x100 ../Drivers/CMSIS/Lib/GCC\libarm_cortexM4lf_math.a(arm_common_tables.o)
                0x000000000800a44c                twiddleCoef_rfft_64
 .rodata.armBitRevIndexTable64
                0x000000000800a54c       0x70 ../Drivers/CMSIS/Lib/GCC\libarm_cortexM4lf_math.a(arm_common_tables.o)
                0x000000000800a54c                armBitRevIndexTable64
 .rodata.twiddleCoef_rfft_2048
                0x000000000800a5bc     0x2000 ../Drivers/CMSIS/Lib/GCC\libarm_cortexM4lf_math.a(arm_common_tables.o)
                0x000000000800a5bc                twiddleCoef_rfft_2048
 .rodata.twiddleCoef_rfft_4096
                0x000000000800c5bc     0x4000 ../Drivers/CMSIS/Lib/GCC\libarm_cortexM4lf_math.a(arm_common_tables.o)
                0x000000000800c5bc                twiddleCoef_rfft_4096
 .rodata.twiddleCoef_256
                0x00000000080105bc      0x800 ../Drivers/CMSIS/Lib/GCC\libarm_cortexM4lf_math.a(arm_common_tables.o)
                0x00000000080105bc                twiddleCoef_256
 .rodata.twiddleCoef_16
                0x0000000008010dbc       0x80 ../Drivers/CMSIS/Lib/GCC\libarm_cortexM4lf_math.a(arm_common_tables.o)
                0x0000000008010dbc                twiddleCoef_16
 .rodata.twiddleCoef_1024
                0x0000000008010e3c     0x2000 ../Drivers/CMSIS/Lib/GCC\libarm_cortexM4lf_math.a(arm_common_tables.o)
                0x0000000008010e3c                twiddleCoef_1024
 .rodata.twiddleCoef_32
                0x0000000008012e3c      0x100 ../Drivers/CMSIS/Lib/GCC\libarm_cortexM4lf_math.a(arm_common_tables.o)
                0x0000000008012e3c                twiddleCoef_32
 .rodata.armBitRevIndexTable1024
                0x0000000008012f3c      0xe10 ../Drivers/CMSIS/Lib/GCC\libarm_cortexM4lf_math.a(arm_common_tables.o)
                0x0000000008012f3c                armBitRevIndexTable1024
 .rodata.armBitRevIndexTable16
                0x0000000008013d4c       0x28 ../Drivers/CMSIS/Lib/GCC\libarm_cortexM4lf_math.a(arm_common_tables.o)
                0x0000000008013d4c                armBitRevIndexTable16
 .rodata.twiddleCoef_rfft_32
                0x0000000008013d74       0x80 ../Drivers/CMSIS/Lib/GCC\libarm_cortexM4lf_math.a(arm_common_tables.o)
                0x0000000008013d74                twiddleCoef_rfft_32
 .rodata.armBitRevIndexTable32
                0x0000000008013df4       0x60 ../Drivers/CMSIS/Lib/GCC\libarm_cortexM4lf_math.a(arm_common_tables.o)
                0x0000000008013df4                armBitRevIndexTable32
 .rodata.twiddleCoef_128
                0x0000000008013e54      0x400 ../Drivers/CMSIS/Lib/GCC\libarm_cortexM4lf_math.a(arm_common_tables.o)
                0x0000000008013e54                twiddleCoef_128
 .rodata.twiddleCoef_512
                0x0000000008014254     0x1000 ../Drivers/CMSIS/Lib/GCC\libarm_cortexM4lf_math.a(arm_common_tables.o)
                0x0000000008014254                twiddleCoef_512
 .rodata.armBitRevIndexTable2048
                0x0000000008015254     0x1dc0 ../Drivers/CMSIS/Lib/GCC\libarm_cortexM4lf_math.a(arm_common_tables.o)
                0x0000000008015254                armBitRevIndexTable2048
 .rodata.twiddleCoef_64
                0x0000000008017014      0x200 ../Drivers/CMSIS/Lib/GCC\libarm_cortexM4lf_math.a(arm_common_tables.o)
                0x0000000008017014                twiddleCoef_64
 .rodata.twiddleCoef_rfft_512
                0x0000000008017214      0x800 ../Drivers/CMSIS/Lib/GCC\libarm_cortexM4lf_math.a(arm_common_tables.o)
                0x0000000008017214                twiddleCoef_rfft_512
 .rodata.armBitRevIndexTable512
                0x0000000008017a14      0x380 ../Drivers/CMSIS/Lib/GCC\libarm_cortexM4lf_math.a(arm_common_tables.o)
                0x0000000008017a14                armBitRevIndexTable512
 .rodata.twiddleCoef_rfft_1024
                0x0000000008017d94     0x1000 ../Drivers/CMSIS/Lib/GCC\libarm_cortexM4lf_math.a(arm_common_tables.o)
                0x0000000008017d94                twiddleCoef_rfft_1024
 .rodata.twiddleCoef_rfft_256
                0x0000000008018d94      0x400 ../Drivers/CMSIS/Lib/GCC\libarm_cortexM4lf_math.a(arm_common_tables.o)
                0x0000000008018d94                twiddleCoef_rfft_256
 .rodata.armBitRevIndexTable256
                0x0000000008019194      0x370 ../Drivers/CMSIS/Lib/GCC\libarm_cortexM4lf_math.a(arm_common_tables.o)
                0x0000000008019194                armBitRevIndexTable256
 .rodata.twiddleCoef_rfft_128
                0x0000000008019504      0x200 ../Drivers/CMSIS/Lib/GCC\libarm_cortexM4lf_math.a(arm_common_tables.o)
                0x0000000008019504                twiddleCoef_rfft_128
 .rodata.armBitRevIndexTable128
                0x0000000008019704      0x1a0 ../Drivers/CMSIS/Lib/GCC\libarm_cortexM4lf_math.a(arm_common_tables.o)
                0x0000000008019704                armBitRevIndexTable128
                0x00000000080198a4                . = ALIGN (0x4)

.ARM.extab      0x00000000080198a4        0x0
                0x00000000080198a4                . = ALIGN (0x4)
 *(.ARM.extab* .gnu.linkonce.armextab.*)
                0x00000000080198a4                . = ALIGN (0x4)

.ARM            0x00000000080198a4        0x8
                0x00000000080198a4                . = ALIGN (0x4)
                0x00000000080198a4                __exidx_start = .
 *(.ARM.exidx*)
 .ARM.exidx     0x00000000080198a4        0x8 C:/ST/STM32CubeIDE_1.14.1/STM32CubeIDE/plugins/com.st.stm32cube.ide.mcu.externaltools.gnu-tools-for-stm32.11.3.rel1.win32_1.1.100.202309141235/tools/bin/../lib/gcc/arm-none-eabi/11.3.1/thumb/v7e-m+fp/hard\libgcc.a(_udivmoddi4.o)
                0x00000000080198ac                __exidx_end = .
                0x00000000080198ac                . = ALIGN (0x4)

.rel.dyn        0x00000000080198ac        0x0
 .rel.iplt      0x00000000080198ac        0x0 C:/ST/STM32CubeIDE_1.14.1/STM32CubeIDE/plugins/com.st.stm32cube.ide.mcu.externaltools.gnu-tools-for-stm32.11.3.rel1.win32_1.1.100.202309141235/tools/bin/../lib/gcc/arm-none-eabi/11.3.1/thumb/v7e-m+fp/hard/crtbegin.o

.preinit_array  0x00000000080198ac        0x0
                0x00000000080198ac                . = ALIGN (0x4)
                0x00000000080198ac                PROVIDE (__preinit_array_start = .)
 *(.preinit_array*)
                0x00000000080198ac                PROVIDE (__preinit_array_end = .)
                0x00000000080198ac                . = ALIGN (0x4)

.init_array     0x00000000080198ac        0x4
                0x00000000080198ac                . = ALIGN (0x4)
                0x00000000080198ac                PROVIDE (__init_array_start = .)
 *(SORT_BY_NAME(.init_array.*))
 *(.init_array*)
 .init_array    0x00000000080198ac        0x4 C:/ST/STM32CubeIDE_1.14.1/STM32CubeIDE/plugins/com.st.stm32cube.ide.mcu.externaltools.gnu-tools-for-stm32.11.3.rel1.win32_1.1.100.202309141235/tools/bin/../lib/gcc/arm-none-eabi/11.3.1/thumb/v7e-m+fp/hard/crtbegin.o
                0x00000000080198b0                PROVIDE (__init_array_end = .)
                0x00000000080198b0                . = ALIGN (0x4)

.fini_array     0x00000000080198b0        0x4
                0x00000000080198b0                . = ALIGN (0x4)
                [!provide]                        PROVIDE (__fini_array_start = .)
 *(SORT_BY_NAME(.fini_array.*))
 *(.fini_array*)
 .fini_array    0x00000000080198b0        0x4 C:/ST/STM32CubeIDE_1.14.1/STM32CubeIDE/plugins/com.st.stm32cube.ide.mcu.externaltools.gnu-tools-for-stm32.11.3.rel1.win32_1.1.100.202309141235/tools/bin/../lib/gcc/arm-none-eabi/11.3.1/thumb/v7e-m+fp/hard/crtbegin.o
                [!provide]                        PROVIDE (__fini_array_end = .)
                0x00000000080198b4                . = ALIGN (0x4)
                0x00000000080198b4                _sidata = LOADADDR (.data)

.data           0x0000000020000000       0x14 load address 0x00000000080198b4
                0x0000000020000000                . = ALIGN (0x4)
                0x0000000020000000                _sdata = .
 *(.data)
 *(.data*)
 .data.LCD_HEIGHT
                0x0000000020000000        0x2 ./Core/Src/ILI9341_STM32_Driver.o
                0x0000000020000000                LCD_HEIGHT
 .data.LCD_WIDTH
                0x0000000020000002        0x2 ./Core/Src/ILI9341_STM32_Driver.o
                0x0000000020000002                LCD_WIDTH
 .data.doConvert
                0x0000000020000004        0x2 ./Core/Src/main.o
                0x0000000020000004                doConvert
 *fill*         0x0000000020000006        0x2 
 .data.SystemCoreClock
                0x0000000020000008        0x4 ./Core/Src/system_stm32f4xx.o
                0x0000000020000008                SystemCoreClock
 .data.uwTickPrio
                0x000000002000000c        0x4 ./Drivers/STM32F4xx_HAL_Driver/Src/stm32f4xx_hal.o
                0x000000002000000c                uwTickPrio
 .data.uwTickFreq
                0x0000000020000010        0x1 ./Drivers/STM32F4xx_HAL_Driver/Src/stm32f4xx_hal.o
                0x0000000020000010                uwTickFreq
 *(.RamFunc)
 *(.RamFunc*)
                0x0000000020000014                . = ALIGN (0x4)
 *fill*         0x0000000020000011        0x3 
                0x0000000020000014                _edata = .

.igot.plt       0x0000000020000014        0x0 load address 0x00000000080198c8
 .igot.plt      0x0000000020000014        0x0 C:/ST/STM32CubeIDE_1.14.1/STM32CubeIDE/plugins/com.st.stm32cube.ide.mcu.externaltools.gnu-tools-for-stm32.11.3.rel1.win32_1.1.100.202309141235/tools/bin/../lib/gcc/arm-none-eabi/11.3.1/thumb/v7e-m+fp/hard/crtbegin.o
                0x0000000020000014                . = ALIGN (0x4)

.bss            0x0000000020000014     0x1258 load address 0x00000000080198c8
                0x0000000020000014                _sbss = .
                0x0000000020000014                __bss_start__ = _sbss
 *(.bss)
 .bss           0x0000000020000014       0x1c C:/ST/STM32CubeIDE_1.14.1/STM32CubeIDE/plugins/com.st.stm32cube.ide.mcu.externaltools.gnu-tools-for-stm32.11.3.rel1.win32_1.1.100.202309141235/tools/bin/../lib/gcc/arm-none-eabi/11.3.1/thumb/v7e-m+fp/hard/crtbegin.o
 *(.bss*)
 .bss.hadc1     0x0000000020000030       0x48 ./Core/Src/main.o
                0x0000000020000030                hadc1
 .bss.hdma_adc1
                0x0000000020000078       0x60 ./Core/Src/main.o
                0x0000000020000078                hdma_adc1
 .bss.hspi1     0x00000000200000d8       0x58 ./Core/Src/main.o
                0x00000000200000d8                hspi1
 .bss.hdma_spi1_tx
                0x0000000020000130       0x60 ./Core/Src/main.o
                0x0000000020000130                hdma_spi1_tx
 .bss.htim1     0x0000000020000190       0x48 ./Core/Src/main.o
                0x0000000020000190                htim1
 .bss.htim2     0x00000000200001d8       0x48 ./Core/Src/main.o
                0x00000000200001d8                htim2
 .bss.htim3     0x0000000020000220       0x48 ./Core/Src/main.o
                0x0000000020000220                htim3
 .bss.adcValue  0x0000000020000268      0x400 ./Core/Src/main.o
                0x0000000020000268                adcValue
 .bss.input     0x0000000020000668      0x800 ./Core/Src/main.o
                0x0000000020000668                input
 .bss.output    0x0000000020000e68      0x400 ./Core/Src/main.o
                0x0000000020000e68                output
 .bss.uwTick    0x0000000020001268        0x4 ./Drivers/STM32F4xx_HAL_Driver/Src/stm32f4xx_hal.o
                0x0000000020001268                uwTick
 *(COMMON)
                0x000000002000126c                . = ALIGN (0x4)
                0x000000002000126c                _ebss = .
                0x000000002000126c                __bss_end__ = _ebss

._user_heap_stack
                0x000000002000126c      0x604 load address 0x00000000080198c8
                0x0000000020001270                . = ALIGN (0x8)
 *fill*         0x000000002000126c        0x4 
                [!provide]                        PROVIDE (end = .)
                0x0000000020001270                PROVIDE (_end = .)
                0x0000000020001470                . = (. + _Min_Heap_Size)
 *fill*         0x0000000020001270      0x200 
                0x0000000020001870                . = (. + _Min_Stack_Size)
 *fill*         0x0000000020001470      0x400 
                0x0000000020001870                . = ALIGN (0x8)

/DISCARD/
 libc.a(*)
 libm.a(*)
 libgcc.a(*)

.ARM.attributes
                0x0000000000000000       0x30
 *(.ARM.attributes)
 .ARM.attributes
                0x0000000000000000       0x1e C:/ST/STM32CubeIDE_1.14.1/STM32CubeIDE/plugins/com.st.stm32cube.ide.mcu.externaltools.gnu-tools-for-stm32.11.3.rel1.win32_1.1.100.202309141235/tools/bin/../lib/gcc/arm-none-eabi/11.3.1/thumb/v7e-m+fp/hard/crti.o
 .ARM.attributes
                0x000000000000001e       0x34 C:/ST/STM32CubeIDE_1.14.1/STM32CubeIDE/plugins/com.st.stm32cube.ide.mcu.externaltools.gnu-tools-for-stm32.11.3.rel1.win32_1.1.100.202309141235/tools/bin/../lib/gcc/arm-none-eabi/11.3.1/thumb/v7e-m+fp/hard/crtbegin.o
 .ARM.attributes
                0x0000000000000052       0x34 ./Core/Src/ILI9341_GFX.o
 .ARM.attributes
                0x0000000000000086       0x34 ./Core/Src/ILI9341_STM32_Driver.o
 .ARM.attributes
                0x00000000000000ba       0x34 ./Core/Src/main.o
 .ARM.attributes
                0x00000000000000ee       0x34 ./Core/Src/stm32f4xx_hal_msp.o
 .ARM.attributes
                0x0000000000000122       0x34 ./Core/Src/stm32f4xx_it.o
 .ARM.attributes
                0x0000000000000156       0x34 ./Core/Src/system_stm32f4xx.o
 .ARM.attributes
                0x000000000000018a       0x21 ./Core/Startup/startup_stm32f411retx.o
 .ARM.attributes
                0x00000000000001ab       0x34 ./Drivers/STM32F4xx_HAL_Driver/Src/stm32f4xx_hal.o
 .ARM.attributes
                0x00000000000001df       0x34 ./Drivers/STM32F4xx_HAL_Driver/Src/stm32f4xx_hal_adc.o
 .ARM.attributes
                0x0000000000000213       0x34 ./Drivers/STM32F4xx_HAL_Driver/Src/stm32f4xx_hal_cortex.o
 .ARM.attributes
                0x0000000000000247       0x34 ./Drivers/STM32F4xx_HAL_Driver/Src/stm32f4xx_hal_dma.o
 .ARM.attributes
                0x000000000000027b       0x34 ./Drivers/STM32F4xx_HAL_Driver/Src/stm32f4xx_hal_gpio.o
 .ARM.attributes
                0x00000000000002af       0x34 ./Drivers/STM32F4xx_HAL_Driver/Src/stm32f4xx_hal_rcc.o
 .ARM.attributes
                0x00000000000002e3       0x34 ./Drivers/STM32F4xx_HAL_Driver/Src/stm32f4xx_hal_spi.o
 .ARM.attributes
                0x0000000000000317       0x34 ./Drivers/STM32F4xx_HAL_Driver/Src/stm32f4xx_hal_tim.o
 .ARM.attributes
                0x000000000000034b       0x34 ./Drivers/STM32F4xx_HAL_Driver/Src/stm32f4xx_hal_tim_ex.o
 .ARM.attributes
                0x000000000000037f       0x39 ../Drivers/CMSIS/Lib/GCC\libarm_cortexM4lf_math.a(arm_rfft_fast_init_f32.o)
 .ARM.attributes
                0x00000000000003b8       0x39 ../Drivers/CMSIS/Lib/GCC\libarm_cortexM4lf_math.a(arm_rfft_fast_f32.o)
 .ARM.attributes
                0x00000000000003f1       0x39 ../Drivers/CMSIS/Lib/GCC\libarm_cortexM4lf_math.a(arm_cfft_f32.o)
 .ARM.attributes
                0x000000000000042a       0x39 ../Drivers/CMSIS/Lib/GCC\libarm_cortexM4lf_math.a(arm_common_tables.o)
 .ARM.attributes
                0x0000000000000463       0x25 ../Drivers/CMSIS/Lib/GCC\libarm_cortexM4lf_math.a(arm_bitreversal2.o)
 .ARM.attributes
                0x0000000000000488       0x39 ../Drivers/CMSIS/Lib/GCC\libarm_cortexM4lf_math.a(arm_cfft_radix8_f32.o)
 .ARM.attributes
                0x00000000000004c1       0x34 C:/ST/STM32CubeIDE_1.14.1/STM32CubeIDE/plugins/com.st.stm32cube.ide.mcu.externaltools.gnu-tools-for-stm32.11.3.rel1.win32_1.1.100.202309141235/tools/bin/../lib/gcc/arm-none-eabi/11.3.1/../../../../arm-none-eabi/lib/thumb/v7e-m+fp/hard\libc_nano.a(libc_a-memset.o)
 .ARM.attributes
                0x00000000000004f5       0x34 C:/ST/STM32CubeIDE_1.14.1/STM32CubeIDE/plugins/com.st.stm32cube.ide.mcu.externaltools.gnu-tools-for-stm32.11.3.rel1.win32_1.1.100.202309141235/tools/bin/../lib/gcc/arm-none-eabi/11.3.1/../../../../arm-none-eabi/lib/thumb/v7e-m+fp/hard\libc_nano.a(libc_a-init.o)
 .ARM.attributes
                0x0000000000000529       0x1e C:/ST/STM32CubeIDE_1.14.1/STM32CubeIDE/plugins/com.st.stm32cube.ide.mcu.externaltools.gnu-tools-for-stm32.11.3.rel1.win32_1.1.100.202309141235/tools/bin/../lib/gcc/arm-none-eabi/11.3.1/thumb/v7e-m+fp/hard\libgcc.a(_aeabi_uldivmod.o)
 .ARM.attributes
                0x0000000000000547       0x34 C:/ST/STM32CubeIDE_1.14.1/STM32CubeIDE/plugins/com.st.stm32cube.ide.mcu.externaltools.gnu-tools-for-stm32.11.3.rel1.win32_1.1.100.202309141235/tools/bin/../lib/gcc/arm-none-eabi/11.3.1/thumb/v7e-m+fp/hard\libgcc.a(_udivmoddi4.o)
 .ARM.attributes
                0x000000000000057b       0x1e C:/ST/STM32CubeIDE_1.14.1/STM32CubeIDE/plugins/com.st.stm32cube.ide.mcu.externaltools.gnu-tools-for-stm32.11.3.rel1.win32_1.1.100.202309141235/tools/bin/../lib/gcc/arm-none-eabi/11.3.1/thumb/v7e-m+fp/hard\libgcc.a(_dvmd_tls.o)
 .ARM.attributes
                0x0000000000000599       0x1e C:/ST/STM32CubeIDE_1.14.1/STM32CubeIDE/plugins/com.st.stm32cube.ide.mcu.externaltools.gnu-tools-for-stm32.11.3.rel1.win32_1.1.100.202309141235/tools/bin/../lib/gcc/arm-none-eabi/11.3.1/thumb/v7e-m+fp/hard/crtn.o
OUTPUT(ILI9341.elf elf32-littlearm)
LOAD linker stubs
LOAD C:/ST/STM32CubeIDE_1.14.1/STM32CubeIDE/plugins/com.st.stm32cube.ide.mcu.externaltools.gnu-tools-for-stm32.11.3.rel1.win32_1.1.100.202309141235/tools/bin/../lib/gcc/arm-none-eabi/11.3.1/../../../../arm-none-eabi/lib/thumb/v7e-m+fp/hard\libc.a
LOAD C:/ST/STM32CubeIDE_1.14.1/STM32CubeIDE/plugins/com.st.stm32cube.ide.mcu.externaltools.gnu-tools-for-stm32.11.3.rel1.win32_1.1.100.202309141235/tools/bin/../lib/gcc/arm-none-eabi/11.3.1/../../../../arm-none-eabi/lib/thumb/v7e-m+fp/hard\libm.a
LOAD C:/ST/STM32CubeIDE_1.14.1/STM32CubeIDE/plugins/com.st.stm32cube.ide.mcu.externaltools.gnu-tools-for-stm32.11.3.rel1.win32_1.1.100.202309141235/tools/bin/../lib/gcc/arm-none-eabi/11.3.1/thumb/v7e-m+fp/hard\libgcc.a

.comment        0x0000000000000000       0xb1
 .comment       0x0000000000000000       0x43 C:/ST/STM32CubeIDE_1.14.1/STM32CubeIDE/plugins/com.st.stm32cube.ide.mcu.externaltools.gnu-tools-for-stm32.11.3.rel1.win32_1.1.100.202309141235/tools/bin/../lib/gcc/arm-none-eabi/11.3.1/thumb/v7e-m+fp/hard/crtbegin.o
                                         0x44 (size before relaxing)
 .comment       0x0000000000000043       0x44 ./Core/Src/ILI9341_GFX.o
 .comment       0x0000000000000043       0x44 ./Core/Src/ILI9341_STM32_Driver.o
 .comment       0x0000000000000043       0x44 ./Core/Src/main.o
 .comment       0x0000000000000043       0x44 ./Core/Src/stm32f4xx_hal_msp.o
 .comment       0x0000000000000043       0x44 ./Core/Src/stm32f4xx_it.o
 .comment       0x0000000000000043       0x44 ./Core/Src/system_stm32f4xx.o
 .comment       0x0000000000000043       0x44 ./Drivers/STM32F4xx_HAL_Driver/Src/stm32f4xx_hal.o
 .comment       0x0000000000000043       0x44 ./Drivers/STM32F4xx_HAL_Driver/Src/stm32f4xx_hal_adc.o
 .comment       0x0000000000000043       0x44 ./Drivers/STM32F4xx_HAL_Driver/Src/stm32f4xx_hal_cortex.o
 .comment       0x0000000000000043       0x44 ./Drivers/STM32F4xx_HAL_Driver/Src/stm32f4xx_hal_dma.o
 .comment       0x0000000000000043       0x44 ./Drivers/STM32F4xx_HAL_Driver/Src/stm32f4xx_hal_gpio.o
 .comment       0x0000000000000043       0x44 ./Drivers/STM32F4xx_HAL_Driver/Src/stm32f4xx_hal_rcc.o
 .comment       0x0000000000000043       0x44 ./Drivers/STM32F4xx_HAL_Driver/Src/stm32f4xx_hal_spi.o
 .comment       0x0000000000000043       0x44 ./Drivers/STM32F4xx_HAL_Driver/Src/stm32f4xx_hal_tim.o
 .comment       0x0000000000000043       0x44 ./Drivers/STM32F4xx_HAL_Driver/Src/stm32f4xx_hal_tim_ex.o
 .comment       0x0000000000000043       0x6e ../Drivers/CMSIS/Lib/GCC\libarm_cortexM4lf_math.a(arm_rfft_fast_init_f32.o)
                                         0x6f (size before relaxing)
 .comment       0x00000000000000b1       0x6f ../Drivers/CMSIS/Lib/GCC\libarm_cortexM4lf_math.a(arm_rfft_fast_f32.o)
 .comment       0x00000000000000b1       0x6f ../Drivers/CMSIS/Lib/GCC\libarm_cortexM4lf_math.a(arm_cfft_f32.o)
 .comment       0x00000000000000b1       0x6f ../Drivers/CMSIS/Lib/GCC\libarm_cortexM4lf_math.a(arm_common_tables.o)
 .comment       0x00000000000000b1       0x6f ../Drivers/CMSIS/Lib/GCC\libarm_cortexM4lf_math.a(arm_cfft_radix8_f32.o)

.debug_info     0x0000000000000000    0x101e8
 .debug_info    0x0000000000000000      0x7ab ./Core/Src/ILI9341_GFX.o
 .debug_info    0x00000000000007ab      0xb76 ./Core/Src/ILI9341_STM32_Driver.o
 .debug_info    0x0000000000001321     0x1bb9 ./Core/Src/main.o
 .debug_info    0x0000000000002eda     0x1354 ./Core/Src/stm32f4xx_hal_msp.o
 .debug_info    0x000000000000422e      0xa01 ./Core/Src/stm32f4xx_it.o
 .debug_info    0x0000000000004c2f      0x53e ./Core/Src/system_stm32f4xx.o
 .debug_info    0x000000000000516d       0x23 ./Core/Startup/startup_stm32f411retx.o
 .debug_info    0x0000000000005190      0x8c4 ./Drivers/STM32F4xx_HAL_Driver/Src/stm32f4xx_hal.o
 .debug_info    0x0000000000005a54      0xcd1 ./Drivers/STM32F4xx_HAL_Driver/Src/stm32f4xx_hal_adc.o
 .debug_info    0x0000000000006725      0xcc7 ./Drivers/STM32F4xx_HAL_Driver/Src/stm32f4xx_hal_cortex.o
 .debug_info    0x00000000000073ec      0x8e6 ./Drivers/STM32F4xx_HAL_Driver/Src/stm32f4xx_hal_dma.o
 .debug_info    0x0000000000007cd2      0x6f9 ./Drivers/STM32F4xx_HAL_Driver/Src/stm32f4xx_hal_gpio.o
 .debug_info    0x00000000000083cb      0x8f2 ./Drivers/STM32F4xx_HAL_Driver/Src/stm32f4xx_hal_rcc.o
 .debug_info    0x0000000000008cbd     0x1606 ./Drivers/STM32F4xx_HAL_Driver/Src/stm32f4xx_hal_spi.o
 .debug_info    0x000000000000a2c3     0x2996 ./Drivers/STM32F4xx_HAL_Driver/Src/stm32f4xx_hal_tim.o
 .debug_info    0x000000000000cc59     0x14d4 ./Drivers/STM32F4xx_HAL_Driver/Src/stm32f4xx_hal_tim_ex.o
 .debug_info    0x000000000000e12d      0x4c7 ../Drivers/CMSIS/Lib/GCC\libarm_cortexM4lf_math.a(arm_rfft_fast_init_f32.o)
 .debug_info    0x000000000000e5f4      0x70d ../Drivers/CMSIS/Lib/GCC\libarm_cortexM4lf_math.a(arm_rfft_fast_f32.o)
 .debug_info    0x000000000000ed01      0x685 ../Drivers/CMSIS/Lib/GCC\libarm_cortexM4lf_math.a(arm_cfft_f32.o)
 .debug_info    0x000000000000f386      0x9b1 ../Drivers/CMSIS/Lib/GCC\libarm_cortexM4lf_math.a(arm_common_tables.o)
 .debug_info    0x000000000000fd37       0x98 ../Drivers/CMSIS/Lib/GCC\libarm_cortexM4lf_math.a(arm_bitreversal2.o)
 .debug_info    0x000000000000fdcf      0x419 ../Drivers/CMSIS/Lib/GCC\libarm_cortexM4lf_math.a(arm_cfft_radix8_f32.o)

.debug_abbrev   0x0000000000000000     0x2755
 .debug_abbrev  0x0000000000000000      0x17d ./Core/Src/ILI9341_GFX.o
 .debug_abbrev  0x000000000000017d      0x29a ./Core/Src/ILI9341_STM32_Driver.o
 .debug_abbrev  0x0000000000000417      0x306 ./Core/Src/main.o
 .debug_abbrev  0x000000000000071d      0x259 ./Core/Src/stm32f4xx_hal_msp.o
 .debug_abbrev  0x0000000000000976      0x1a6 ./Core/Src/stm32f4xx_it.o
 .debug_abbrev  0x0000000000000b1c      0x11a ./Core/Src/system_stm32f4xx.o
 .debug_abbrev  0x0000000000000c36       0x12 ./Core/Startup/startup_stm32f411retx.o
 .debug_abbrev  0x0000000000000c48      0x24b ./Drivers/STM32F4xx_HAL_Driver/Src/stm32f4xx_hal.o
 .debug_abbrev  0x0000000000000e93      0x20e ./Drivers/STM32F4xx_HAL_Driver/Src/stm32f4xx_hal_adc.o
 .debug_abbrev  0x00000000000010a1      0x328 ./Drivers/STM32F4xx_HAL_Driver/Src/stm32f4xx_hal_cortex.o
 .debug_abbrev  0x00000000000013c9      0x221 ./Drivers/STM32F4xx_HAL_Driver/Src/stm32f4xx_hal_dma.o
 .debug_abbrev  0x00000000000015ea      0x1d3 ./Drivers/STM32F4xx_HAL_Driver/Src/stm32f4xx_hal_gpio.o
 .debug_abbrev  0x00000000000017bd      0x2b5 ./Drivers/STM32F4xx_HAL_Driver/Src/stm32f4xx_hal_rcc.o
 .debug_abbrev  0x0000000000001a72      0x280 ./Drivers/STM32F4xx_HAL_Driver/Src/stm32f4xx_hal_spi.o
 .debug_abbrev  0x0000000000001cf2      0x28b ./Drivers/STM32F4xx_HAL_Driver/Src/stm32f4xx_hal_tim.o
 .debug_abbrev  0x0000000000001f7d      0x296 ./Drivers/STM32F4xx_HAL_Driver/Src/stm32f4xx_hal_tim_ex.o
 .debug_abbrev  0x0000000000002213      0x108 ../Drivers/CMSIS/Lib/GCC\libarm_cortexM4lf_math.a(arm_rfft_fast_init_f32.o)
 .debug_abbrev  0x000000000000231b      0x177 ../Drivers/CMSIS/Lib/GCC\libarm_cortexM4lf_math.a(arm_rfft_fast_f32.o)
 .debug_abbrev  0x0000000000002492      0x183 ../Drivers/CMSIS/Lib/GCC\libarm_cortexM4lf_math.a(arm_cfft_f32.o)
 .debug_abbrev  0x0000000000002615       0x84 ../Drivers/CMSIS/Lib/GCC\libarm_cortexM4lf_math.a(arm_common_tables.o)
 .debug_abbrev  0x0000000000002699       0x14 ../Drivers/CMSIS/Lib/GCC\libarm_cortexM4lf_math.a(arm_bitreversal2.o)
 .debug_abbrev  0x00000000000026ad       0xa8 ../Drivers/CMSIS/Lib/GCC\libarm_cortexM4lf_math.a(arm_cfft_radix8_f32.o)

.debug_aranges  0x0000000000000000      0xef8
 .debug_aranges
                0x0000000000000000       0x60 ./Core/Src/ILI9341_GFX.o
 .debug_aranges
                0x0000000000000060       0xa8 ./Core/Src/ILI9341_STM32_Driver.o
 .debug_aranges
                0x0000000000000108       0x70 ./Core/Src/main.o
 .debug_aranges
                0x0000000000000178       0x68 ./Core/Src/stm32f4xx_hal_msp.o
 .debug_aranges
                0x00000000000001e0       0x80 ./Core/Src/stm32f4xx_it.o
 .debug_aranges
                0x0000000000000260       0x28 ./Core/Src/system_stm32f4xx.o
 .debug_aranges
                0x0000000000000288       0x28 ./Core/Startup/startup_stm32f411retx.o
 .debug_aranges
                0x00000000000002b0       0xf0 ./Drivers/STM32F4xx_HAL_Driver/Src/stm32f4xx_hal.o
 .debug_aranges
                0x00000000000003a0       0xe8 ./Drivers/STM32F4xx_HAL_Driver/Src/stm32f4xx_hal_adc.o
 .debug_aranges
                0x0000000000000488      0x120 ./Drivers/STM32F4xx_HAL_Driver/Src/stm32f4xx_hal_cortex.o
 .debug_aranges
                0x00000000000005a8       0x90 ./Drivers/STM32F4xx_HAL_Driver/Src/stm32f4xx_hal_dma.o
 .debug_aranges
                0x0000000000000638       0x58 ./Drivers/STM32F4xx_HAL_Driver/Src/stm32f4xx_hal_gpio.o
 .debug_aranges
                0x0000000000000690       0x88 ./Drivers/STM32F4xx_HAL_Driver/Src/stm32f4xx_hal_rcc.o
 .debug_aranges
                0x0000000000000718      0x1d0 ./Drivers/STM32F4xx_HAL_Driver/Src/stm32f4xx_hal_spi.o
 .debug_aranges
                0x00000000000008e8      0x3d0 ./Drivers/STM32F4xx_HAL_Driver/Src/stm32f4xx_hal_tim.o
 .debug_aranges
                0x0000000000000cb8      0x168 ./Drivers/STM32F4xx_HAL_Driver/Src/stm32f4xx_hal_tim_ex.o
 .debug_aranges
                0x0000000000000e20       0x20 ../Drivers/CMSIS/Lib/GCC\libarm_cortexM4lf_math.a(arm_rfft_fast_init_f32.o)
 .debug_aranges
                0x0000000000000e40       0x30 ../Drivers/CMSIS/Lib/GCC\libarm_cortexM4lf_math.a(arm_rfft_fast_f32.o)
 .debug_aranges
                0x0000000000000e70       0x30 ../Drivers/CMSIS/Lib/GCC\libarm_cortexM4lf_math.a(arm_cfft_f32.o)
 .debug_aranges
                0x0000000000000ea0       0x18 ../Drivers/CMSIS/Lib/GCC\libarm_cortexM4lf_math.a(arm_common_tables.o)
 .debug_aranges
                0x0000000000000eb8       0x20 ../Drivers/CMSIS/Lib/GCC\libarm_cortexM4lf_math.a(arm_bitreversal2.o)
 .debug_aranges
                0x0000000000000ed8       0x20 ../Drivers/CMSIS/Lib/GCC\libarm_cortexM4lf_math.a(arm_cfft_radix8_f32.o)

.debug_rnglists
                0x0000000000000000      0xaf7
 .debug_rnglists
                0x0000000000000000       0x4b ./Core/Src/ILI9341_GFX.o
 .debug_rnglists
                0x000000000000004b       0x81 ./Core/Src/ILI9341_STM32_Driver.o
 .debug_rnglists
                0x00000000000000cc       0x56 ./Core/Src/main.o
 .debug_rnglists
                0x0000000000000122       0x4c ./Core/Src/stm32f4xx_hal_msp.o
 .debug_rnglists
                0x000000000000016e       0x5b ./Core/Src/stm32f4xx_it.o
 .debug_rnglists
                0x00000000000001c9       0x1a ./Core/Src/system_stm32f4xx.o
 .debug_rnglists
                0x00000000000001e3       0x19 ./Core/Startup/startup_stm32f411retx.o
 .debug_rnglists
                0x00000000000001fc       0xaf ./Drivers/STM32F4xx_HAL_Driver/Src/stm32f4xx_hal.o
 .debug_rnglists
                0x00000000000002ab       0xb5 ./Drivers/STM32F4xx_HAL_Driver/Src/stm32f4xx_hal_adc.o
 .debug_rnglists
                0x0000000000000360       0xd4 ./Drivers/STM32F4xx_HAL_Driver/Src/stm32f4xx_hal_cortex.o
 .debug_rnglists
                0x0000000000000434       0x70 ./Drivers/STM32F4xx_HAL_Driver/Src/stm32f4xx_hal_dma.o
 .debug_rnglists
                0x00000000000004a4       0x3f ./Drivers/STM32F4xx_HAL_Driver/Src/stm32f4xx_hal_gpio.o
 .debug_rnglists
                0x00000000000004e3       0x66 ./Drivers/STM32F4xx_HAL_Driver/Src/stm32f4xx_hal_rcc.o
 .debug_rnglists
                0x0000000000000549      0x16f ./Drivers/STM32F4xx_HAL_Driver/Src/stm32f4xx_hal_spi.o
 .debug_rnglists
                0x00000000000006b8      0x31a ./Drivers/STM32F4xx_HAL_Driver/Src/stm32f4xx_hal_tim.o
 .debug_rnglists
                0x00000000000009d2      0x125 ./Drivers/STM32F4xx_HAL_Driver/Src/stm32f4xx_hal_tim_ex.o

.debug_macro    0x0000000000000000    0x17c9a
 .debug_macro   0x0000000000000000      0x224 ./Core/Src/ILI9341_GFX.o
 .debug_macro   0x0000000000000224      0xaae ./Core/Src/ILI9341_GFX.o
 .debug_macro   0x0000000000000cd2      0x2a1 ./Core/Src/ILI9341_GFX.o
 .debug_macro   0x0000000000000f73       0x2e ./Core/Src/ILI9341_GFX.o
 .debug_macro   0x0000000000000fa1       0x28 ./Core/Src/ILI9341_GFX.o
 .debug_macro   0x0000000000000fc9       0x22 ./Core/Src/ILI9341_GFX.o
 .debug_macro   0x0000000000000feb       0x8e ./Core/Src/ILI9341_GFX.o
 .debug_macro   0x0000000000001079       0x51 ./Core/Src/ILI9341_GFX.o
 .debug_macro   0x00000000000010ca      0x103 ./Core/Src/ILI9341_GFX.o
 .debug_macro   0x00000000000011cd       0x6a ./Core/Src/ILI9341_GFX.o
 .debug_macro   0x0000000000001237      0x1df ./Core/Src/ILI9341_GFX.o
 .debug_macro   0x0000000000001416       0x1c ./Core/Src/ILI9341_GFX.o
 .debug_macro   0x0000000000001432       0x22 ./Core/Src/ILI9341_GFX.o
 .debug_macro   0x0000000000001454       0xfb ./Core/Src/ILI9341_GFX.o
 .debug_macro   0x000000000000154f     0x1011 ./Core/Src/ILI9341_GFX.o
 .debug_macro   0x0000000000002560      0x11f ./Core/Src/ILI9341_GFX.o
 .debug_macro   0x000000000000267f     0xb953 ./Core/Src/ILI9341_GFX.o
 .debug_macro   0x000000000000dfd2       0x6d ./Core/Src/ILI9341_GFX.o
 .debug_macro   0x000000000000e03f     0x368c ./Core/Src/ILI9341_GFX.o
 .debug_macro   0x00000000000116cb      0x174 ./Core/Src/ILI9341_GFX.o
 .debug_macro   0x000000000001183f       0x5c ./Core/Src/ILI9341_GFX.o
 .debug_macro   0x000000000001189b      0x45c ./Core/Src/ILI9341_GFX.o
 .debug_macro   0x0000000000011cf7      0x9e9 ./Core/Src/ILI9341_GFX.o
 .debug_macro   0x00000000000126e0      0x115 ./Core/Src/ILI9341_GFX.o
 .debug_macro   0x00000000000127f5      0x11b ./Core/Src/ILI9341_GFX.o
 .debug_macro   0x0000000000012910       0xa5 ./Core/Src/ILI9341_GFX.o
 .debug_macro   0x00000000000129b5      0x15f ./Core/Src/ILI9341_GFX.o
 .debug_macro   0x0000000000012b14      0x287 ./Core/Src/ILI9341_GFX.o
 .debug_macro   0x0000000000012d9b       0x5f ./Core/Src/ILI9341_GFX.o
 .debug_macro   0x0000000000012dfa      0x236 ./Core/Src/ILI9341_GFX.o
 .debug_macro   0x0000000000013030      0x9e1 ./Core/Src/ILI9341_GFX.o
 .debug_macro   0x0000000000013a11      0x38b ./Core/Src/ILI9341_GFX.o
 .debug_macro   0x0000000000013d9c      0x17d ./Core/Src/ILI9341_GFX.o
 .debug_macro   0x0000000000013f19       0xf9 ./Core/Src/ILI9341_GFX.o
 .debug_macro   0x0000000000014012      0x132 ./Core/Src/ILI9341_GFX.o
 .debug_macro   0x0000000000014144      0x264 ./Core/Src/ILI9341_GFX.o
 .debug_macro   0x00000000000143a8       0x2e ./Core/Src/ILI9341_GFX.o
 .debug_macro   0x00000000000143d6      0x127 ./Core/Src/ILI9341_GFX.o
 .debug_macro   0x00000000000144fd       0x85 ./Core/Src/ILI9341_GFX.o
 .debug_macro   0x0000000000014582       0x89 ./Core/Src/ILI9341_GFX.o
 .debug_macro   0x000000000001460b      0x225 ./Core/Src/ILI9341_GFX.o
 .debug_macro   0x0000000000014830      0x8ed ./Core/Src/ILI9341_GFX.o
 .debug_macro   0x000000000001511d       0x47 ./Core/Src/ILI9341_GFX.o
 .debug_macro   0x0000000000015164      0x126 ./Core/Src/ILI9341_GFX.o
 .debug_macro   0x000000000001528a       0xca ./Core/Src/ILI9341_GFX.o
 .debug_macro   0x0000000000015354       0x22 ./Core/Src/ILI9341_GFX.o
 .debug_macro   0x0000000000015376       0x10 ./Core/Src/ILI9341_GFX.o
 .debug_macro   0x0000000000015386      0x205 ./Core/Src/ILI9341_STM32_Driver.o
 .debug_macro   0x000000000001558b      0x327 ./Core/Src/main.o
 .debug_macro   0x00000000000158b2       0x4c ./Core/Src/main.o
 .debug_macro   0x00000000000158fe       0xd0 ./Core/Src/main.o
 .debug_macro   0x00000000000159ce       0x12 ./Core/Src/main.o
 .debug_macro   0x00000000000159e0       0x12 ./Core/Src/main.o
 .debug_macro   0x00000000000159f2       0x61 ./Core/Src/main.o
 .debug_macro   0x0000000000015a53       0x2a ./Core/Src/main.o
 .debug_macro   0x0000000000015a7d       0x43 ./Core/Src/main.o
 .debug_macro   0x0000000000015ac0       0x34 ./Core/Src/main.o
 .debug_macro   0x0000000000015af4       0x16 ./Core/Src/main.o
 .debug_macro   0x0000000000015b0a       0x43 ./Core/Src/main.o
 .debug_macro   0x0000000000015b4d       0x34 ./Core/Src/main.o
 .debug_macro   0x0000000000015b81       0x10 ./Core/Src/main.o
 .debug_macro   0x0000000000015b91       0x58 ./Core/Src/main.o
 .debug_macro   0x0000000000015be9       0x8e ./Core/Src/main.o
 .debug_macro   0x0000000000015c77       0x1c ./Core/Src/main.o
 .debug_macro   0x0000000000015c93      0x177 ./Core/Src/main.o
 .debug_macro   0x0000000000015e0a      0x369 ./Core/Src/main.o
 .debug_macro   0x0000000000016173       0x10 ./Core/Src/main.o
 .debug_macro   0x0000000000016183       0x35 ./Core/Src/main.o
 .debug_macro   0x00000000000161b8       0x20 ./Core/Src/main.o
 .debug_macro   0x00000000000161d8      0x19b ./Core/Src/main.o
 .debug_macro   0x0000000000016373       0xd6 ./Core/Src/main.o
 .debug_macro   0x0000000000016449      0x205 ./Core/Src/stm32f4xx_hal_msp.o
 .debug_macro   0x000000000001664e      0x20f ./Core/Src/stm32f4xx_it.o
 .debug_macro   0x000000000001685d      0x1f6 ./Core/Src/system_stm32f4xx.o
 .debug_macro   0x0000000000016a53      0x256 ./Drivers/STM32F4xx_HAL_Driver/Src/stm32f4xx_hal.o
 .debug_macro   0x0000000000016ca9      0x1f7 ./Drivers/STM32F4xx_HAL_Driver/Src/stm32f4xx_hal_adc.o
 .debug_macro   0x0000000000016ea0      0x1f6 ./Drivers/STM32F4xx_HAL_Driver/Src/stm32f4xx_hal_cortex.o
 .debug_macro   0x0000000000017096      0x1fc ./Drivers/STM32F4xx_HAL_Driver/Src/stm32f4xx_hal_dma.o
 .debug_macro   0x0000000000017292      0x1fc ./Drivers/STM32F4xx_HAL_Driver/Src/stm32f4xx_hal_gpio.o
 .debug_macro   0x000000000001748e      0x21a ./Drivers/STM32F4xx_HAL_Driver/Src/stm32f4xx_hal_rcc.o
 .debug_macro   0x00000000000176a8      0x205 ./Drivers/STM32F4xx_HAL_Driver/Src/stm32f4xx_hal_spi.o
 .debug_macro   0x00000000000178ad      0x1f7 ./Drivers/STM32F4xx_HAL_Driver/Src/stm32f4xx_hal_tim.o
 .debug_macro   0x0000000000017aa4      0x1f6 ./Drivers/STM32F4xx_HAL_Driver/Src/stm32f4xx_hal_tim_ex.o

.debug_line     0x0000000000000000    0x1129d
 .debug_line    0x0000000000000000      0xb27 ./Core/Src/ILI9341_GFX.o
 .debug_line    0x0000000000000b27      0xb50 ./Core/Src/ILI9341_STM32_Driver.o
 .debug_line    0x0000000000001677      0xcc8 ./Core/Src/main.o
 .debug_line    0x000000000000233f      0x951 ./Core/Src/stm32f4xx_hal_msp.o
 .debug_line    0x0000000000002c90      0x8b7 ./Core/Src/stm32f4xx_it.o
 .debug_line    0x0000000000003547      0x816 ./Core/Src/system_stm32f4xx.o
 .debug_line    0x0000000000003d5d       0x7a ./Core/Startup/startup_stm32f411retx.o
 .debug_line    0x0000000000003dd7      0xa7c ./Drivers/STM32F4xx_HAL_Driver/Src/stm32f4xx_hal.o
 .debug_line    0x0000000000004853     0x1236 ./Drivers/STM32F4xx_HAL_Driver/Src/stm32f4xx_hal_adc.o
 .debug_line    0x0000000000005a89      0xd48 ./Drivers/STM32F4xx_HAL_Driver/Src/stm32f4xx_hal_cortex.o
 .debug_line    0x00000000000067d1      0xfe0 ./Drivers/STM32F4xx_HAL_Driver/Src/stm32f4xx_hal_dma.o
 .debug_line    0x00000000000077b1      0xbb4 ./Drivers/STM32F4xx_HAL_Driver/Src/stm32f4xx_hal_gpio.o
 .debug_line    0x0000000000008365      0xdf3 ./Drivers/STM32F4xx_HAL_Driver/Src/stm32f4xx_hal_rcc.o
 .debug_line    0x0000000000009158     0x1d53 ./Drivers/STM32F4xx_HAL_Driver/Src/stm32f4xx_hal_spi.o
 .debug_line    0x000000000000aeab     0x35e2 ./Drivers/STM32F4xx_HAL_Driver/Src/stm32f4xx_hal_tim.o
 .debug_line    0x000000000000e48d     0x1a13 ./Drivers/STM32F4xx_HAL_Driver/Src/stm32f4xx_hal_tim_ex.o
 .debug_line    0x000000000000fea0      0x1b5 ../Drivers/CMSIS/Lib/GCC\libarm_cortexM4lf_math.a(arm_rfft_fast_init_f32.o)
 .debug_line    0x0000000000010055      0x2b2 ../Drivers/CMSIS/Lib/GCC\libarm_cortexM4lf_math.a(arm_rfft_fast_f32.o)
 .debug_line    0x0000000000010307      0x73e ../Drivers/CMSIS/Lib/GCC\libarm_cortexM4lf_math.a(arm_cfft_f32.o)
 .debug_line    0x0000000000010a45      0x135 ../Drivers/CMSIS/Lib/GCC\libarm_cortexM4lf_math.a(arm_common_tables.o)
 .debug_line    0x0000000000010b7a       0xa2 ../Drivers/CMSIS/Lib/GCC\libarm_cortexM4lf_math.a(arm_bitreversal2.o)
 .debug_line    0x0000000000010c1c      0x681 ../Drivers/CMSIS/Lib/GCC\libarm_cortexM4lf_math.a(arm_cfft_radix8_f32.o)

.debug_str      0x0000000000000000    0x9a95c
 .debug_str     0x0000000000000000    0x9205a ./Core/Src/ILI9341_GFX.o
                                      0x922f8 (size before relaxing)
 .debug_str     0x000000000009205a      0x628 ./Core/Src/ILI9341_STM32_Driver.o
                                      0x926f6 (size before relaxing)
 .debug_str     0x0000000000092682     0x5024 ./Core/Src/main.o
                                      0x976c0 (size before relaxing)
 .debug_str     0x00000000000976a6      0x12a ./Core/Src/stm32f4xx_hal_msp.o
                                      0x92e0f (size before relaxing)
 .debug_str     0x00000000000977d0      0x152 ./Core/Src/stm32f4xx_it.o
                                      0x92706 (size before relaxing)
 .debug_str     0x0000000000097922       0xcb ./Core/Src/system_stm32f4xx.o
                                      0x91f5d (size before relaxing)
 .debug_str     0x00000000000979ed       0x34 ./Core/Startup/startup_stm32f411retx.o
                                         0x6f (size before relaxing)
 .debug_str     0x0000000000097a21      0x603 ./Drivers/STM32F4xx_HAL_Driver/Src/stm32f4xx_hal.o
                                      0x92989 (size before relaxing)
 .debug_str     0x0000000000098024      0x2b1 ./Drivers/STM32F4xx_HAL_Driver/Src/stm32f4xx_hal_adc.o
                                      0x92538 (size before relaxing)
 .debug_str     0x00000000000982d5      0x329 ./Drivers/STM32F4xx_HAL_Driver/Src/stm32f4xx_hal_cortex.o
                                      0x926c1 (size before relaxing)
 .debug_str     0x00000000000985fe      0x2c7 ./Drivers/STM32F4xx_HAL_Driver/Src/stm32f4xx_hal_dma.o
                                      0x92365 (size before relaxing)
 .debug_str     0x00000000000988c5      0x121 ./Drivers/STM32F4xx_HAL_Driver/Src/stm32f4xx_hal_gpio.o
                                      0x920d8 (size before relaxing)
 .debug_str     0x00000000000989e6      0x233 ./Drivers/STM32F4xx_HAL_Driver/Src/stm32f4xx_hal_rcc.o
                                      0x92391 (size before relaxing)
 .debug_str     0x0000000000098c19      0x512 ./Drivers/STM32F4xx_HAL_Driver/Src/stm32f4xx_hal_spi.o
                                      0x9280f (size before relaxing)
 .debug_str     0x000000000009912b      0xc10 ./Drivers/STM32F4xx_HAL_Driver/Src/stm32f4xx_hal_tim.o
                                      0x932d5 (size before relaxing)
 .debug_str     0x0000000000099d3b      0x3e1 ./Drivers/STM32F4xx_HAL_Driver/Src/stm32f4xx_hal_tim_ex.o
                                      0x92ae1 (size before relaxing)
 .debug_str     0x000000000009a11c      0x33b ../Drivers/CMSIS/Lib/GCC\libarm_cortexM4lf_math.a(arm_rfft_fast_init_f32.o)
                                        0x52a (size before relaxing)
 .debug_str     0x000000000009a457       0x74 ../Drivers/CMSIS/Lib/GCC\libarm_cortexM4lf_math.a(arm_rfft_fast_f32.o)
                                        0x307 (size before relaxing)
 .debug_str     0x000000000009a4cb      0x113 ../Drivers/CMSIS/Lib/GCC\libarm_cortexM4lf_math.a(arm_cfft_f32.o)
                                        0x372 (size before relaxing)
 .debug_str     0x000000000009a5de      0x331 ../Drivers/CMSIS/Lib/GCC\libarm_cortexM4lf_math.a(arm_common_tables.o)
                                        0x717 (size before relaxing)
 .debug_str     0x000000000009a90f       0x4d ../Drivers/CMSIS/Lib/GCC\libarm_cortexM4lf_math.a(arm_cfft_radix8_f32.o)
                                        0x269 (size before relaxing)

.debug_frame    0x0000000000000000     0x3d94
 .debug_frame   0x0000000000000000      0x174 ./Core/Src/ILI9341_GFX.o
 .debug_frame   0x0000000000000174      0x29c ./Core/Src/ILI9341_STM32_Driver.o
 .debug_frame   0x0000000000000410      0x188 ./Core/Src/main.o
 .debug_frame   0x0000000000000598      0x17c ./Core/Src/stm32f4xx_hal_msp.o
 .debug_frame   0x0000000000000714      0x174 ./Core/Src/stm32f4xx_it.o
 .debug_frame   0x0000000000000888       0x58 ./Core/Src/system_stm32f4xx.o
 .debug_frame   0x00000000000008e0      0x374 ./Drivers/STM32F4xx_HAL_Driver/Src/stm32f4xx_hal.o
 .debug_frame   0x0000000000000c54      0x3fc ./Drivers/STM32F4xx_HAL_Driver/Src/stm32f4xx_hal_adc.o
 .debug_frame   0x0000000000001050      0x4b8 ./Drivers/STM32F4xx_HAL_Driver/Src/stm32f4xx_hal_cortex.o
 .debug_frame   0x0000000000001508      0x250 ./Drivers/STM32F4xx_HAL_Driver/Src/stm32f4xx_hal_dma.o
 .debug_frame   0x0000000000001758      0x14c ./Drivers/STM32F4xx_HAL_Driver/Src/stm32f4xx_hal_gpio.o
 .debug_frame   0x00000000000018a4      0x1f4 ./Drivers/STM32F4xx_HAL_Driver/Src/stm32f4xx_hal_rcc.o
 .debug_frame   0x0000000000001a98      0x828 ./Drivers/STM32F4xx_HAL_Driver/Src/stm32f4xx_hal_spi.o
 .debug_frame   0x00000000000022c0     0x11b8 ./Drivers/STM32F4xx_HAL_Driver/Src/stm32f4xx_hal_tim.o
 .debug_frame   0x0000000000003478      0x638 ./Drivers/STM32F4xx_HAL_Driver/Src/stm32f4xx_hal_tim_ex.o
 .debug_frame   0x0000000000003ab0       0x34 ../Drivers/CMSIS/Lib/GCC\libarm_cortexM4lf_math.a(arm_rfft_fast_init_f32.o)
 .debug_frame   0x0000000000003ae4       0x74 ../Drivers/CMSIS/Lib/GCC\libarm_cortexM4lf_math.a(arm_rfft_fast_f32.o)
 .debug_frame   0x0000000000003b58       0xfc ../Drivers/CMSIS/Lib/GCC\libarm_cortexM4lf_math.a(arm_cfft_f32.o)
 .debug_frame   0x0000000000003c54       0x94 ../Drivers/CMSIS/Lib/GCC\libarm_cortexM4lf_math.a(arm_cfft_radix8_f32.o)
 .debug_frame   0x0000000000003ce8       0x20 C:/ST/STM32CubeIDE_1.14.1/STM32CubeIDE/plugins/com.st.stm32cube.ide.mcu.externaltools.gnu-tools-for-stm32.11.3.rel1.win32_1.1.100.202309141235/tools/bin/../lib/gcc/arm-none-eabi/11.3.1/../../../../arm-none-eabi/lib/thumb/v7e-m+fp/hard\libc_nano.a(libc_a-memset.o)
 .debug_frame   0x0000000000003d08       0x2c C:/ST/STM32CubeIDE_1.14.1/STM32CubeIDE/plugins/com.st.stm32cube.ide.mcu.externaltools.gnu-tools-for-stm32.11.3.rel1.win32_1.1.100.202309141235/tools/bin/../lib/gcc/arm-none-eabi/11.3.1/../../../../arm-none-eabi/lib/thumb/v7e-m+fp/hard\libc_nano.a(libc_a-init.o)
 .debug_frame   0x0000000000003d34       0x2c C:/ST/STM32CubeIDE_1.14.1/STM32CubeIDE/plugins/com.st.stm32cube.ide.mcu.externaltools.gnu-tools-for-stm32.11.3.rel1.win32_1.1.100.202309141235/tools/bin/../lib/gcc/arm-none-eabi/11.3.1/thumb/v7e-m+fp/hard\libgcc.a(_aeabi_uldivmod.o)
 .debug_frame   0x0000000000003d60       0x34 C:/ST/STM32CubeIDE_1.14.1/STM32CubeIDE/plugins/com.st.stm32cube.ide.mcu.externaltools.gnu-tools-for-stm32.11.3.rel1.win32_1.1.100.202309141235/tools/bin/../lib/gcc/arm-none-eabi/11.3.1/thumb/v7e-m+fp/hard\libgcc.a(_udivmoddi4.o)

.debug_line_str
                0x0000000000000000       0x63
 .debug_line_str
                0x0000000000000000       0x63 ./Core/Startup/startup_stm32f411retx.o
                                         0x7b (size before relaxing)

.debug_loc      0x0000000000000000     0x2a9c
 .debug_loc     0x0000000000000000      0x1eb ../Drivers/CMSIS/Lib/GCC\libarm_cortexM4lf_math.a(arm_rfft_fast_init_f32.o)
 .debug_loc     0x00000000000001eb      0xfa9 ../Drivers/CMSIS/Lib/GCC\libarm_cortexM4lf_math.a(arm_rfft_fast_f32.o)
 .debug_loc     0x0000000000001194     0x1067 ../Drivers/CMSIS/Lib/GCC\libarm_cortexM4lf_math.a(arm_cfft_f32.o)
 .debug_loc     0x00000000000021fb      0x8a1 ../Drivers/CMSIS/Lib/GCC\libarm_cortexM4lf_math.a(arm_cfft_radix8_f32.o)

.debug_ranges   0x0000000000000000       0x60
 .debug_ranges  0x0000000000000000       0x10 ../Drivers/CMSIS/Lib/GCC\libarm_cortexM4lf_math.a(arm_rfft_fast_init_f32.o)
 .debug_ranges  0x0000000000000010       0x20 ../Drivers/CMSIS/Lib/GCC\libarm_cortexM4lf_math.a(arm_rfft_fast_f32.o)
 .debug_ranges  0x0000000000000030       0x20 ../Drivers/CMSIS/Lib/GCC\libarm_cortexM4lf_math.a(arm_cfft_f32.o)
 .debug_ranges  0x0000000000000050       0x10 ../Drivers/CMSIS/Lib/GCC\libarm_cortexM4lf_math.a(arm_cfft_radix8_f32.o)
