../Core/Src/ILI9341_GFX.c:5:22:DelayUs	16	static
../Core/Src/ILI9341_GFX.c:20:6:LCD_INIT	8	static
../Core/Src/ILI9341_GFX.c:27:6:CLCD_INIT	8	static
../Core/Src/ILI9341_GFX.c:33:6:LCD_controller	72	static
../Core/Src/ILI9341_GFX.c:92:6:speedLCD_ON	40	static
../Core/Src/ILI9341_GFX.c:120:6:ILI9341_DrawHollowCircle	48	static
../Core/Src/ILI9341_GFX.c:152:6:ILI9341_DrawFilledCircle	56	static
../Core/Src/ILI9341_GFX.c:184:6:ILI9341_DrawHollowRectangleCoord	40	static
../Core/Src/ILI9341_GFX.c:225:6:LeftArrow	24	static
../Core/Src/ILI9341_GFX.c:232:6:LeftArrowde	24	static
../Core/Src/ILI9341_GFX.c:239:6:RightArrow	24	static
../Core/Src/ILI9341_GFX.c:247:6:RightArrowde	24	static
../Core/Src/ILI9341_GFX.c:253:6:Leftblink	8	static
../Core/Src/ILI9341_GFX.c:258:6:Rightblink	8	static
../Core/Src/ILI9341_GFX.c:264:6:ILI9341_fillTriangle	72	static
../Core/Src/ILI9341_GFX.c:329:6:ILI9341_DrawTriangle	32	static
../Core/Src/ILI9341_GFX.c:338:6:ILI9341_DrawFilledRectangleCoord	48	static
../Core/Src/ILI9341_GFX.c:376:6:ILI9341_DrawChar	64	static
../Core/Src/ILI9341_GFX.c:412:6:ILI9341_DrawLine	48	static
../Core/Src/ILI9341_GFX.c:457:6:ILI9341_DrawText	48	static
../Core/Src/ILI9341_GFX.c:481:6:ILI9341_DrawImage	24	static
