../Core/Src/main.c:70:9:BCD2Decimal	24	static
../Core/Src/main.c:76:9:Decimal2BCD	24	static
../Core/Src/main.c:93:6:setRTC	32	static
../Core/Src/main.c:105:12:getRTC	48	static
../Core/Src/main.c:122:6:writeRAM	32	static
../Core/Src/main.c:126:9:readRAM	40	static
../Core/Src/main.c:132:6:writeEEPROM	32	static
../Core/Src/main.c:136:9:readEEPROM	40	static
../Core/Src/main.c:142:6:write2ByteEEPROM	32	static
../Core/Src/main.c:148:10:read2ByteEEPROM	40	static
../Core/Src/main.c:155:6:write4ByteEEPROM	32	static
../Core/Src/main.c:160:10:read4ByteEEPROM	40	static
../Core/Src/main.c:172:5:main	40	static
../Core/Src/main.c:266:6:SystemClock_Config	88	static
../Core/Src/main.c:305:13:MX_I2C1_Init	8	static
../Core/Src/main.c:337:13:MX_USART2_UART_Init	8	static
../Core/Src/main.c:368:13:MX_GPIO_Init	16	static
../Core/Src/main.c:388:6:Error_Handler	4	static,ignoring_inline_asm
