../Core/Src/main.c:69:6:delayUs	16	static
../Core/Src/main.c:81:6:HAL_TIM_IC_CaptureCallback	16	static
../Core/Src/main.c:112:10:getDistance	8	static
../Core/Src/main.c:121:6:goForward	16	static
../Core/Src/main.c:131:6:goBackward	16	static
../Core/Src/main.c:141:6:turnLeft	16	static
../Core/Src/main.c:150:6:turnRight	16	static
../Core/Src/main.c:160:6:stopMove	8	static
../Core/Src/main.c:175:5:main	16	static
../Core/Src/main.c:248:6:SystemClock_Config	88	static
../Core/Src/main.c:292:13:MX_TIM1_Init	48	static
../Core/Src/main.c:345:13:MX_TIM3_Init	64	static
../Core/Src/main.c:401:13:MX_TIM11_Init	8	static
../Core/Src/main.c:430:13:MX_USART2_UART_Init	8	static
../Core/Src/main.c:461:13:MX_GPIO_Init	40	static
../Core/Src/main.c:503:6:Error_Handler	4	static,ignoring_inline_asm
