../Core/Src/main.c:65:6:delayUs	16	static
../Core/Src/main.c:76:6:HAL_TIM_IC_CaptureCallback	16	static
../Core/Src/main.c:103:10:getDistance	8	static
../Core/Src/main.c:117:5:main	24	static
../Core/Src/main.c:169:6:SystemClock_Config	88	static
../Core/Src/main.c:211:13:MX_TIM1_Init	48	static
../Core/Src/main.c:270:13:MX_TIM10_Init	8	static
../Core/Src/main.c:301:13:MX_USART2_UART_Init	8	static
../Core/Src/main.c:334:13:MX_GPIO_Init	32	static
../Core/Src/main.c:365:6:Error_Handler	4	static,ignoring_inline_asm
