../Core/Src/main.c:84:6:HAL_TIM_PeriodElapsedCallback	16	static
../Core/Src/main.c:97:5:main	48	static
../Core/Src/main.c:238:6:SystemClock_Config	88	static
../Core/Src/main.c:282:13:MX_ADC1_Init	24	static
../Core/Src/main.c:331:13:MX_SPI1_Init	8	static
../Core/Src/main.c:367:13:MX_TIM1_Init	96	static
../Core/Src/main.c:435:13:MX_TIM2_Init	32	static
../Core/Src/main.c:476:13:MX_TIM3_Init	56	static
../Core/Src/main.c:520:13:MX_DMA_Init	16	static
../Core/Src/main.c:540:13:MX_GPIO_Init	40	static
../Core/Src/main.c:572:6:Error_Handler	4	static,ignoring_inline_asm
