../Core/Src/HM10_Setup.c:20:14:setupSlave	32	static
../Core/Src/HM10_Setup.c:70:14:setupMaster	32	static
../Core/Src/HM10_Setup.c:117:24:connectOtherHM10	24	static
../Core/Src/HM10_Setup.c:156:24:connectToAddr	24	static
../Core/Src/HM10_Setup.c:178:14:checkConnection	24	static
../Core/Src/HM10_Setup.c:198:14:setBaudRate	32	static
../Core/Src/HM10_Setup.c:224:14:setRole	24	static
../Core/Src/HM10_Setup.c:249:14:setImme	24	static
../Core/Src/HM10_Setup.c:273:14:setName	32	static
../Core/Src/HM10_Setup.c:297:14:setPower	32	static
../Core/Src/HM10_Setup.c:322:14:setMode	24	static
../Core/Src/HM10_Setup.c:349:11:getBaudRate	24	static
../Core/Src/HM10_Setup.c:378:11:getRole	24	static
../Core/Src/HM10_Setup.c:396:11:getImme	24	static
../Core/Src/HM10_Setup.c:414:6:getAddr	24	static
../Core/Src/HM10_Setup.c:428:12:getPower	24	static
../Core/Src/HM10_Setup.c:454:11:getMode	24	static
../Core/Src/HM10_Setup.c:475:6:getTemp	32	static
../Core/Src/HM10_Setup.c:509:6:getRSSI	32	static
../Core/Src/HM10_Setup.c:536:14:renewDevice	24	static
../Core/Src/HM10_Setup.c:554:14:resetDevice	24	static
../Core/Src/HM10_Setup.c:572:14:startHM10	24	static
../Core/Src/HM10_Setup.c:591:7:concat_str	24	static
../Core/Src/HM10_Setup.c:611:7:concat_cmd_str	32	static
../Core/Src/HM10_Setup.c:631:6:clearingBuf	8	static
