../Core/Src/I2C_CLCD.c:5:6:I2C_CLCD_Delay_us	24	static
../Core/Src/I2C_CLCD.c:12:6:I2C_CLCD_SendByte	32	static
../Core/Src/I2C_CLCD.c:34:6:I2C_CLCD_init	16	static
../Core/Src/I2C_CLCD.c:53:6:I2C_CLCD_GotoXY	16	static
../Core/Src/I2C_CLCD.c:58:6:I2C_CLCD_PutC	16	static
../Core/Src/I2C_CLCD.c:75:6:I2C_CLCD_PutStr	16	static
../Core/Src/I2C_CLCD.c:81:6:I2C_CLCD_Cursor	16	static
../Core/Src/I2C_CLCD.c:86:6:I2C_CLCD_Right	8	static
../Core/Src/I2C_CLCD.c:90:6:I2C_CLCD_Left	8	static
../Core/Src/I2C_CLCD.c:94:6:I2C_CLCD_ShiftStop	8	static
../Core/Src/I2C_CLCD.c:99:6:I2C_CLCD_CustomFont	32	static
../Core/Src/I2C_CLCD.c:116:6:I2C_CLCD_Progressbar	24	static
../Core/Src/I2C_CLCD.c:153:6:I2C_CLCD_CG_ClearBuffer	8	static
../Core/Src/I2C_CLCD.c:157:6:I2C_CLCD_CG_ClearBuffer2	8	static
../Core/Src/I2C_CLCD.c:161:6:I2C_CLCD_CG_ScrollLeft	16	static
../Core/Src/I2C_CLCD.c:166:6:I2C_CLCD_CG_ScrollLeft2	24	static
../Core/Src/I2C_CLCD.c:171:6:I2C_CLCD_CG_DrawPixel	16	static
../Core/Src/I2C_CLCD.c:175:6:I2C_CLCD_CG_DrawPixel2	24	static
../Core/Src/I2C_CLCD.c:179:6:I2C_CLCD_CG_Update	24	static
../Core/Src/I2C_CLCD.c:195:6:I2C_CLCD_CG_Update2	32	static
