../Core/Src/ILI9341_GFX.c:5:22:DelayUs	16	static
../Core/Src/ILI9341_GFX.c:19:6:LCD_INIT	8	static
../Core/Src/ILI9341_GFX.c:26:6:CLCD_INIT	8	static
../Core/Src/ILI9341_GFX.c:33:6:LCD_controller	24	static
../Core/Src/ILI9341_GFX.c:41:6:car	64	static
../Core/Src/ILI9341_GFX.c:47:6:CtextOn	72	static
../Core/Src/ILI9341_GFX.c:71:6:textOn	24	static
../Core/Src/ILI9341_GFX.c:83:6:speedLCD_ON	40	static
../Core/Src/ILI9341_GFX.c:111:6:ILI9341_DrawHollowCircle	48	static
../Core/Src/ILI9341_GFX.c:148:6:ILI9341_DrawFilledCircle	56	static
../Core/Src/ILI9341_GFX.c:184:6:ILI9341_DrawHollowRectangleCoord	40	static
../Core/Src/ILI9341_GFX.c:230:6:LeftArrow	24	static
../Core/Src/ILI9341_GFX.c:239:6:LeftArrowde	24	static
../Core/Src/ILI9341_GFX.c:246:6:RightArrow	24	static
../Core/Src/ILI9341_GFX.c:254:6:RightArrowde	24	static
../Core/Src/ILI9341_GFX.c:260:6:Leftblink	8	static
../Core/Src/ILI9341_GFX.c:266:6:Rightblink	8	static
../Core/Src/ILI9341_GFX.c:273:6:ILI9341_fillTriangle	72	static
../Core/Src/ILI9341_GFX.c:341:6:ILI9341_DrawTriangle	32	static
../Core/Src/ILI9341_GFX.c:351:6:ILI9341_DrawFilledRectangleCoord	48	static
../Core/Src/ILI9341_GFX.c:394:6:ILI9341_DrawChar	64	static
../Core/Src/ILI9341_GFX.c:433:6:ILI9341_DrawLine	48	static
../Core/Src/ILI9341_GFX.c:482:6:ILI9341_DrawText	48	static
../Core/Src/ILI9341_GFX.c:510:6:ILI9341_DrawImage	24	static
