../Core/Src/main.c:79:6:SysTickCallback	4	static
../Core/Src/main.c:85:6:setSound	16	static
../Core/Src/main.c:90:6:stopSound	4	static
../Core/Src/main.c:94:6:timer	16	static
../Core/Src/main.c:104:5:main	16	static
../Core/Src/main.c:285:6:SystemClock_Config	88	static
../Core/Src/main.c:327:13:MX_TIM1_Init	96	static
../Core/Src/main.c:402:13:MX_TIM3_Init	64	static
../Core/Src/main.c:461:13:MX_USART2_UART_Init	8	static
../Core/Src/main.c:494:13:MX_GPIO_Init	32	static
../Core/Src/main.c:525:6:Error_Handler	4	static,ignoring_inline_asm
