../Core/Src/main.c:92:6:SystickCallback	4	static
../Core/Src/main.c:121:6:delayUs	16	static
../Core/Src/main.c:133:6:HAL_TIM_IC_CaptureCallback	16	static
../Core/Src/main.c:164:10:getDistance	8	static
../Core/Src/main.c:178:5:wait_pulse	16	static
../Core/Src/main.c:189:9:dht11_read	48	static
../Core/Src/main.c:247:5:main	16	static
../Core/Src/main.c:333:6:SystemClock_Config	88	static
../Core/Src/main.c:372:13:MX_TIM1_Init	48	static
../Core/Src/main.c:425:13:MX_TIM11_Init	8	static
../Core/Src/main.c:454:13:MX_GPIO_Init	40	static
../Core/Src/main.c:516:6:Error_Handler	4	static,ignoring_inline_asm
