10:35:40 **** Incremental Build of configuration Debug for project Controller_ADC ****
make -j16 all 
arm-none-eabi-gcc "../Core/Src/joystick.c" -mcpu=cortex-m4 -std=gnu11 -g3 -DDEBUG -DUSE_HAL_DRIVER -DSTM32F411xE -c -I../Core/Inc -I../Drivers/STM32F4xx_HAL_Driver/Inc -I../Drivers/STM32F4xx_HAL_Driver/Inc/Legacy -I../Drivers/CMSIS/Device/ST/STM32F4xx/Include -I../Drivers/CMSIS/Include -O0 -ffunction-sections -fdata-sections -Wall -fstack-usage -fcyclomatic-complexity -MMD -MP -MF"Core/Src/joystick.d" -MT"Core/Src/joystick.o" --specs=nano.specs -mfpu=fpv4-sp-d16 -mfloat-abi=hard -mthumb -o "Core/Src/joystick.o"
arm-none-eabi-gcc "../Core/Src/main.c" -mcpu=cortex-m4 -std=gnu11 -g3 -DDEBUG -DUSE_HAL_DRIVER -DSTM32F411xE -c -I../Core/Inc -I../Drivers/STM32F4xx_HAL_Driver/Inc -I../Drivers/STM32F4xx_HAL_Driver/Inc/Legacy -I../Drivers/CMSIS/Device/ST/STM32F4xx/Include -I../Drivers/CMSIS/Include -O0 -ffunction-sections -fdata-sections -Wall -fstack-usage -fcyclomatic-complexity -MMD -MP -MF"Core/Src/main.d" -MT"Core/Src/main.o" --specs=nano.specs -mfpu=fpv4-sp-d16 -mfloat-abi=hard -mthumb -o "Core/Src/main.o"
../Core/Src/joystick.c: In function 'adcData_Filt':
../Core/Src/joystick.c:22:23: warning: passing argument 1 of 'adcDataMaxMin' from incompatible pointer type [-Wincompatible-pointer-types]
   22 |         adcDataMaxMin(&Xfilt);
      |                       ^~~~~~
      |                       |
      |                       uint16_t ** {aka short unsigned int **}
In file included from ../Core/Src/joystick.c:7:
../Core/Inc/joystick.h:24:30: note: expected 'uint16_t *' {aka 'short unsigned int *'} but argument is of type 'uint16_t **' {aka 'short unsigned int **'}
   24 | void adcDataMaxMin(uint16_t *data);
      |                    ~~~~~~~~~~^~~~
../Core/Src/joystick.c:23:23: warning: passing argument 1 of 'adcDataMaxMin' from incompatible pointer type [-Wincompatible-pointer-types]
   23 |         adcDataMaxMin(&Yfilt);
      |                       ^~~~~~
      |                       |
      |                       uint16_t ** {aka short unsigned int **}
In file included from ../Core/Src/joystick.c:7:
../Core/Inc/joystick.h:24:30: note: expected 'uint16_t *' {aka 'short unsigned int *'} but argument is of type 'uint16_t **' {aka 'short unsigned int **'}
   24 | void adcDataMaxMin(uint16_t *data);
      |                    ~~~~~~~~~~^~~~
../Core/Src/main.c: In function '_write':
../Core/Src/main.c:74:39: warning: pointer targets in passing argument 2 of 'HAL_UART_Transmit_IT' differ in signedness [-Wpointer-sign]
   74 |         HAL_UART_Transmit_IT(&huart2, p, len);
      |                                       ^
      |                                       |
      |                                       char *
In file included from ../Core/Inc/stm32f4xx_hal_conf.h:411,
                 from ../Drivers/STM32F4xx_HAL_Driver/Inc/stm32f4xx_hal.h:29,
                 from ../Core/Inc/main.h:30,
                 from ../Core/Src/main.c:20:
../Drivers/STM32F4xx_HAL_Driver/Inc/stm32f4xx_hal_uart.h:747:82: note: expected 'const uint8_t *' {aka 'const unsigned char *'} but argument is of type 'char *'
  747 | HAL_StatusTypeDef HAL_UART_Transmit_IT(UART_HandleTypeDef *huart, const uint8_t *pData, uint16_t Size);
      |                                                                   ~~~~~~~~~~~~~~~^~~~~
../Core/Src/main.c: In function 'main':
../Core/Src/main.c:119:9: warning: implicit declaration of function 'CLCD_INIT'; did you mean 'LCD_INIT'? [-Wimplicit-function-declaration]
  119 |         CLCD_INIT();
      |         ^~~~~~~~~
      |         LCD_INIT
../Core/Src/main.c:126:30: warning: passing argument 1 of 'adcData_Filt' from incompatible pointer type [-Wincompatible-pointer-types]
  126 |                 adcData_Filt(&adcVal_buf, &adcValfiltX, &adcValfiltY);
      |                              ^~~~~~~~~~~
      |                              |
      |                              uint16_t (*)[3] {aka short unsigned int (*)[3]}
In file included from ../Core/Src/main.c:30:
../Core/Inc/joystick.h:20:29: note: expected 'uint16_t *' {aka 'short unsigned int *'} but argument is of type 'uint16_t (*)[3]' {aka 'short unsigned int (*)[3]'}
   20 | void adcData_Filt(uint16_t* buf, uint16_t* Xfilt, uint16_t* Yfilt);
      |                   ~~~~~~~~~~^~~
../Core/Src/main.c:127:17: warning: implicit declaration of function 'Button2_check' [-Wimplicit-function-declaration]
  127 |                 Button2_check();
      |                 ^~~~~~~~~~~~~
../Core/Src/main.c:129:17: warning: implicit declaration of function 'LCD_controller' [-Wimplicit-function-declaration]
  129 |                 LCD_controller((int) adcValfiltX - 2040, (int) adcValfiltY - 2040,modeState);
      |                 ^~~~~~~~~~~~~~
../Core/Src/main.c: At top level:
../Core/Src/main.c:206:6: warning: conflicting types for 'Button2_check'; have 'void()'
  206 | void Button2_check() {
      |      ^~~~~~~~~~~~~
../Core/Src/main.c:127:17: note: previous implicit declaration of 'Button2_check' with type 'void()'
  127 |                 Button2_check();
      |                 ^~~~~~~~~~~~~
arm-none-eabi-gcc -o "Controller_ADC.elf" @"objects.list"   -mcpu=cortex-m4 -T"C:\Users\myhg1\STM32CubeIDE\workspace_1.14.1\Controller_ADC\STM32F411RETX_FLASH.ld" --specs=nosys.specs -Wl,-Map="Controller_ADC.map" -Wl,--gc-sections -static --specs=nano.specs -mfpu=fpv4-sp-d16 -mfloat-abi=hard -mthumb -Wl,--start-group -lc -lm -Wl,--end-group
Finished building target: Controller_ADC.elf
 
arm-none-eabi-size  Controller_ADC.elf 
arm-none-eabi-objdump -h -S Controller_ADC.elf  > "Controller_ADC.list"
   text	   data	    bss	    dec	    hex	filename
  29472	    120	   2400	  31992	   7cf8	Controller_ADC.elf
Finished building: default.size.stdout
 
Finished building: Controller_ADC.list
 

10:35:42 Build Finished. 0 errors, 8 warnings. (took 1s.322ms)

