09:55:23 **** Incremental Build of configuration Debug for project Drive_Body ****
make -j16 all 
arm-none-eabi-gcc "../Core/Src/main.c" -mcpu=cortex-m4 -std=gnu11 -g3 -DDEBUG -DUSE_HAL_DRIVER -DSTM32F411xE -c -I../Core/Inc -I../Drivers/STM32F4xx_HAL_Driver/Inc -I../Drivers/STM32F4xx_HAL_Driver/Inc/Legacy -I../Drivers/CMSIS/Device/ST/STM32F4xx/Include -I../Drivers/CMSIS/Include -O0 -ffunction-sections -fdata-sections -Wall -fstack-usage -fcyclomatic-complexity -MMD -MP -MF"Core/Src/main.d" -MT"Core/Src/main.o" --specs=nano.specs -mfpu=fpv4-sp-d16 -mfloat-abi=hard -mthumb -o "Core/Src/main.o"
../Core/Src/main.c: In function '_write':
../Core/Src/main.c:94:39: warning: pointer targets in passing argument 2 of 'HAL_UART_Transmit_IT' differ in signedness [-Wpointer-sign]
   94 |         HAL_UART_Transmit_IT(&huart2, p, len);
      |                                       ^
      |                                       |
      |                                       char *
In file included from ../Core/Inc/stm32f4xx_hal_conf.h:411,
                 from ../Drivers/STM32F4xx_HAL_Driver/Inc/stm32f4xx_hal.h:29,
                 from ../Core/Inc/main.h:30,
                 from ../Core/Src/main.c:20:
../Drivers/STM32F4xx_HAL_Driver/Inc/stm32f4xx_hal_uart.h:747:82: note: expected 'const uint8_t *' {aka 'const unsigned char *'} but argument is of type 'char *'
  747 | HAL_StatusTypeDef HAL_UART_Transmit_IT(UART_HandleTypeDef *huart, const uint8_t *pData, uint16_t Size);
      |                                                                   ~~~~~~~~~~~~~~~^~~~~
../Core/Src/main.c: In function 'main':
../Core/Src/main.c:158:17: warning: implicit declaration of function 'horn_Run'; did you mean 'hornSound'? [-Wimplicit-function-declaration]
  158 |                 horn_Run(controlData.hornData);
      |                 ^~~~~~~~
      |                 hornSound
../Core/Src/main.c: At top level:
../Core/Src/main.c:661:6: warning: conflicting types for 'horn_Run'; have 'void(uint8_t)' {aka 'void(unsigned char)'}
  661 | void horn_Run(uint8_t hornState){
      |      ^~~~~~~~
../Core/Src/main.c:158:17: note: previous implicit declaration of 'horn_Run' with type 'void(uint8_t)' {aka 'void(unsigned char)'}
  158 |                 horn_Run(controlData.hornData);
      |                 ^~~~~~~~
arm-none-eabi-gcc -o "Drive_Body.elf" @"objects.list"   -mcpu=cortex-m4 -T"C:\Users\myhg1\STM32CubeIDE\workspace_1.14.1\Drive_Body\STM32F411RETX_FLASH.ld" --specs=nosys.specs -Wl,-Map="Drive_Body.map" -Wl,--gc-sections -static --specs=nano.specs -mfpu=fpv4-sp-d16 -mfloat-abi=hard -mthumb -Wl,--start-group -lc -lm -Wl,--end-group
Finished building target: Drive_Body.elf
 
arm-none-eabi-size  Drive_Body.elf 
arm-none-eabi-objdump -h -S Drive_Body.elf  > "Drive_Body.list"
   text	   data	    bss	    dec	    hex	filename
  48520	    168	   2600	  51288	   c858	Drive_Body.elf
Finished building: default.size.stdout
 
Finished building: Drive_Body.list
 

09:55:25 Build Finished. 0 errors, 3 warnings. (took 1s.702ms)

