09:46:17 **** Build of configuration Debug for project servo ****
make -j16 all 
arm-none-eabi-gcc "../Core/Src/main.c" -mcpu=cortex-m4 -std=gnu11 -g3 -DDEBUG -DUSE_HAL_DRIVER -DSTM32F411xE -c -I../Core/Inc -I../Drivers/STM32F4xx_HAL_Driver/Inc -I../Drivers/STM32F4xx_HAL_Driver/Inc/Legacy -I../Drivers/CMSIS/Device/ST/STM32F4xx/Include -I../Drivers/CMSIS/Include -O0 -ffunction-sections -fdata-sections -Wall -fstack-usage -fcyclomatic-complexity -MMD -MP -MF"Core/Src/main.d" -MT"Core/Src/main.o" --specs=nano.specs -mfpu=fpv4-sp-d16 -mfloat-abi=hard -mthumb -o "Core/Src/main.o"
../Core/Src/main.c: In function 'main':
../Core/Src/main.c:119:17: warning: implicit declaration of function 'printf' [-Wimplicit-function-declaration]
  119 |                 printf("%d\n",result);
      |                 ^~~~~~
../Core/Src/main.c:25:1: note: include '<stdio.h>' or provide a declaration of 'printf'
   24 | #include "uart.h"
  +++ |+#include <stdio.h>
   25 | /* USER CODE END Includes */
../Core/Src/main.c:119:17: warning: incompatible implicit declaration of built-in function 'printf' [-Wbuiltin-declaration-mismatch]
  119 |                 printf("%d\n",result);
      |                 ^~~~~~
../Core/Src/main.c:119:17: note: include '<stdio.h>' or provide a declaration of 'printf'
arm-none-eabi-gcc -o "servo.elf" @"objects.list"   -mcpu=cortex-m4 -T"C:\Users\myhg1\STM32CubeIDE\workspace_1.14.1\servo\STM32F411RETX_FLASH.ld" --specs=nosys.specs -Wl,-Map="servo.map" -Wl,--gc-sections -static --specs=nano.specs -mfpu=fpv4-sp-d16 -mfloat-abi=hard -mthumb -Wl,--start-group -lc -lm -Wl,--end-group
Finished building target: servo.elf
 
arm-none-eabi-size  servo.elf 
arm-none-eabi-objdump -h -S servo.elf  > "servo.list"
   text	   data	    bss	    dec	    hex	filename
  20988	    112	   2384	  23484	   5bbc	servo.elf
Finished building: default.size.stdout
 
Finished building: servo.list
 

09:46:19 Build Finished. 0 errors, 2 warnings. (took 1s.987ms)

