16:55:13 **** Incremental Build of configuration Debug for project switch ****
make -j16 all 
arm-none-eabi-gcc "../Core/Src/main.c" -mcpu=cortex-m4 -std=gnu11 -g3 -DDEBUG -DUSE_HAL_DRIVER -DSTM32F411xE -c -I../Core/Inc -I../Drivers/STM32F4xx_HAL_Driver/Inc -I../Drivers/STM32F4xx_HAL_Driver/Inc/Legacy -I../Drivers/CMSIS/Device/ST/STM32F4xx/Include -I../Drivers/CMSIS/Include -O0 -ffunction-sections -fdata-sections -Wall -fstack-usage -fcyclomatic-complexity -MMD -MP -MF"Core/Src/main.d" -MT"Core/Src/main.o" --specs=nano.specs -mfpu=fpv4-sp-d16 -mfloat-abi=hard -mthumb -o "Core/Src/main.o"
../Core/Src/main.c: In function 'main':
../Core/Src/main.c:121:25: warning: implicit declaration of function 'printf' [-Wimplicit-function-declaration]
  121 |                         printf("%d\n", count);
      |                         ^~~~~~
../Core/Src/main.c:27:1: note: include '<stdio.h>' or provide a declaration of 'printf'
   26 | #include "uart.h"
  +++ |+#include <stdio.h>
   27 | /* USER CODE END Includes */
../Core/Src/main.c:121:25: warning: incompatible implicit declaration of built-in function 'printf' [-Wbuiltin-declaration-mismatch]
  121 |                         printf("%d\n", count);
      |                         ^~~~~~
../Core/Src/main.c:121:25: note: include '<stdio.h>' or provide a declaration of 'printf'
../Core/Src/main.c:133:25: warning: incompatible implicit declaration of built-in function 'printf' [-Wbuiltin-declaration-mismatch]
  133 |                         printf("%d\n", count);
      |                         ^~~~~~
../Core/Src/main.c:133:25: note: include '<stdio.h>' or provide a declaration of 'printf'
arm-none-eabi-gcc -o "switch.elf" @"objects.list"   -mcpu=cortex-m4 -T"C:\Users\myhg1\STM32CubeIDE\workspace_1.14.1\switch\STM32F411RETX_FLASH.ld" --specs=nosys.specs -Wl,-Map="switch.map" -Wl,--gc-sections -static --specs=nano.specs -mfpu=fpv4-sp-d16 -mfloat-abi=hard -mthumb -Wl,--start-group -lc -lm -Wl,--end-group
Finished building target: switch.elf
 
arm-none-eabi-size  switch.elf 
arm-none-eabi-objdump -h -S switch.elf  > "switch.list"
   text	   data	    bss	    dec	    hex	filename
  12740	    112	   2008	  14860	   3a0c	switch.elf
Finished building: default.size.stdout
 
Finished building: switch.list
 

16:55:14 Build Finished. 0 errors, 3 warnings. (took 928ms)

